Archive member included to satisfy reference by file (symbol)

C:/ST/STM32CubeIDE_1.14.1/STM32CubeIDE/plugins/com.st.stm32cube.ide.mcu.externaltools.gnu-tools-for-stm32.11.3.rel1.win32_1.1.100.202309141235/tools/bin/../lib/gcc/arm-none-eabi/11.3.1/../../../../arm-none-eabi/lib/thumb/v7e-m/nofp\libc_nano.a(libc_a-exit.o)
                              C:/ST/STM32CubeIDE_1.14.1/STM32CubeIDE/plugins/com.st.stm32cube.ide.mcu.externaltools.gnu-tools-for-stm32.11.3.rel1.win32_1.1.100.202309141235/tools/bin/../lib/gcc/arm-none-eabi/11.3.1/../../../../arm-none-eabi/lib/thumb/v7e-m/nofp/crt0.o (exit)
C:/ST/STM32CubeIDE_1.14.1/STM32CubeIDE/plugins/com.st.stm32cube.ide.mcu.externaltools.gnu-tools-for-stm32.11.3.rel1.win32_1.1.100.202309141235/tools/bin/../lib/gcc/arm-none-eabi/11.3.1/../../../../arm-none-eabi/lib/thumb/v7e-m/nofp\libc_nano.a(libc_a-findfp.o)
                              C:/ST/STM32CubeIDE_1.14.1/STM32CubeIDE/plugins/com.st.stm32cube.ide.mcu.externaltools.gnu-tools-for-stm32.11.3.rel1.win32_1.1.100.202309141235/tools/bin/../lib/gcc/arm-none-eabi/11.3.1/../../../../arm-none-eabi/lib/thumb/v7e-m/nofp\libc_nano.a(libc_a-exit.o) (__stdio_exit_handler)
C:/ST/STM32CubeIDE_1.14.1/STM32CubeIDE/plugins/com.st.stm32cube.ide.mcu.externaltools.gnu-tools-for-stm32.11.3.rel1.win32_1.1.100.202309141235/tools/bin/../lib/gcc/arm-none-eabi/11.3.1/../../../../arm-none-eabi/lib/thumb/v7e-m/nofp\libc_nano.a(libc_a-fwalk.o)
                              C:/ST/STM32CubeIDE_1.14.1/STM32CubeIDE/plugins/com.st.stm32cube.ide.mcu.externaltools.gnu-tools-for-stm32.11.3.rel1.win32_1.1.100.202309141235/tools/bin/../lib/gcc/arm-none-eabi/11.3.1/../../../../arm-none-eabi/lib/thumb/v7e-m/nofp\libc_nano.a(libc_a-findfp.o) (_fwalk_sglue)
C:/ST/STM32CubeIDE_1.14.1/STM32CubeIDE/plugins/com.st.stm32cube.ide.mcu.externaltools.gnu-tools-for-stm32.11.3.rel1.win32_1.1.100.202309141235/tools/bin/../lib/gcc/arm-none-eabi/11.3.1/../../../../arm-none-eabi/lib/thumb/v7e-m/nofp\libc_nano.a(libc_a-printf.o)
                              ./Src/017rtc_ldc.o (printf)
C:/ST/STM32CubeIDE_1.14.1/STM32CubeIDE/plugins/com.st.stm32cube.ide.mcu.externaltools.gnu-tools-for-stm32.11.3.rel1.win32_1.1.100.202309141235/tools/bin/../lib/gcc/arm-none-eabi/11.3.1/../../../../arm-none-eabi/lib/thumb/v7e-m/nofp\libc_nano.a(libc_a-stdio.o)
                              C:/ST/STM32CubeIDE_1.14.1/STM32CubeIDE/plugins/com.st.stm32cube.ide.mcu.externaltools.gnu-tools-for-stm32.11.3.rel1.win32_1.1.100.202309141235/tools/bin/../lib/gcc/arm-none-eabi/11.3.1/../../../../arm-none-eabi/lib/thumb/v7e-m/nofp\libc_nano.a(libc_a-findfp.o) (__sread)
C:/ST/STM32CubeIDE_1.14.1/STM32CubeIDE/plugins/com.st.stm32cube.ide.mcu.externaltools.gnu-tools-for-stm32.11.3.rel1.win32_1.1.100.202309141235/tools/bin/../lib/gcc/arm-none-eabi/11.3.1/../../../../arm-none-eabi/lib/thumb/v7e-m/nofp\libc_nano.a(libc_a-memset.o)
                              C:/ST/STM32CubeIDE_1.14.1/STM32CubeIDE/plugins/com.st.stm32cube.ide.mcu.externaltools.gnu-tools-for-stm32.11.3.rel1.win32_1.1.100.202309141235/tools/bin/../lib/gcc/arm-none-eabi/11.3.1/../../../../arm-none-eabi/lib/thumb/v7e-m/nofp/crt0.o (memset)
C:/ST/STM32CubeIDE_1.14.1/STM32CubeIDE/plugins/com.st.stm32cube.ide.mcu.externaltools.gnu-tools-for-stm32.11.3.rel1.win32_1.1.100.202309141235/tools/bin/../lib/gcc/arm-none-eabi/11.3.1/../../../../arm-none-eabi/lib/thumb/v7e-m/nofp\libc_nano.a(libc_a-closer.o)
                              C:/ST/STM32CubeIDE_1.14.1/STM32CubeIDE/plugins/com.st.stm32cube.ide.mcu.externaltools.gnu-tools-for-stm32.11.3.rel1.win32_1.1.100.202309141235/tools/bin/../lib/gcc/arm-none-eabi/11.3.1/../../../../arm-none-eabi/lib/thumb/v7e-m/nofp\libc_nano.a(libc_a-stdio.o) (_close_r)
C:/ST/STM32CubeIDE_1.14.1/STM32CubeIDE/plugins/com.st.stm32cube.ide.mcu.externaltools.gnu-tools-for-stm32.11.3.rel1.win32_1.1.100.202309141235/tools/bin/../lib/gcc/arm-none-eabi/11.3.1/../../../../arm-none-eabi/lib/thumb/v7e-m/nofp\libc_nano.a(libc_a-reent.o)
                              C:/ST/STM32CubeIDE_1.14.1/STM32CubeIDE/plugins/com.st.stm32cube.ide.mcu.externaltools.gnu-tools-for-stm32.11.3.rel1.win32_1.1.100.202309141235/tools/bin/../lib/gcc/arm-none-eabi/11.3.1/../../../../arm-none-eabi/lib/thumb/v7e-m/nofp\libc_nano.a(libc_a-closer.o) (errno)
C:/ST/STM32CubeIDE_1.14.1/STM32CubeIDE/plugins/com.st.stm32cube.ide.mcu.externaltools.gnu-tools-for-stm32.11.3.rel1.win32_1.1.100.202309141235/tools/bin/../lib/gcc/arm-none-eabi/11.3.1/../../../../arm-none-eabi/lib/thumb/v7e-m/nofp\libc_nano.a(libc_a-impure.o)
                              C:/ST/STM32CubeIDE_1.14.1/STM32CubeIDE/plugins/com.st.stm32cube.ide.mcu.externaltools.gnu-tools-for-stm32.11.3.rel1.win32_1.1.100.202309141235/tools/bin/../lib/gcc/arm-none-eabi/11.3.1/../../../../arm-none-eabi/lib/thumb/v7e-m/nofp\libc_nano.a(libc_a-printf.o) (_impure_ptr)
[...]
Memory Configuration

Name             Origin             Length             Attributes
RAM              0x0000000020000000 0x0000000000018000 xrw
FLASH            0x0000000008000000 0x0000000000100000 xr
*default*        0x0000000000000000 0xffffffffffffffff

Linker script and memory map

LOAD C:/ST/STM32CubeIDE_1.14.1/STM32CubeIDE/plugins/com.st.stm32cube.ide.mcu.externaltools.gnu-tools-for-stm32.11.3.rel1.win32_1.1.100.202309141235/tools/bin/../lib/gcc/arm-none-eabi/11.3.1/thumb/v7e-m/nofp/crti.o
LOAD C:/ST/STM32CubeIDE_1.14.1/STM32CubeIDE/plugins/com.st.stm32cube.ide.mcu.externaltools.gnu-tools-for-stm32.11.3.rel1.win32_1.1.100.202309141235/tools/bin/../lib/gcc/arm-none-eabi/11.3.1/thumb/v7e-m/nofp/crtbegin.o
LOAD C:/ST/STM32CubeIDE_1.14.1/STM32CubeIDE/plugins/com.st.stm32cube.ide.mcu.externaltools.gnu-tools-for-stm32.11.3.rel1.win32_1.1.100.202309141235/tools/bin/../lib/gcc/arm-none-eabi/11.3.1/../../../../arm-none-eabi/lib/thumb/v7e-m/nofp/crt0.o
LOAD ./Src/017rtc_ldc.o
LOAD ./Src/syscalls.o
LOAD ./Src/sysmem.o
LOAD ./Startup/startup_stm32l475vgtx.o
LOAD ./bsp/ds3231.o
LOAD ./bsp/lcdx.o
LOAD ./drivers/Src/stm32l475xx_gpio_driver.o
LOAD ./drivers/Src/stm32l475xx_i2c_driver.o
LOAD ./drivers/Src/stm32l475xx_rcc_driver.o
LOAD ./drivers/Src/stm32l475xx_spi_drivers.o
START GROUP
LOAD C:/ST/STM32CubeIDE_1.14.1/STM32CubeIDE/plugins/com.st.stm32cube.ide.mcu.externaltools.gnu-tools-for-stm32.11.3.rel1.win32_1.1.100.202309141235/tools/bin/../lib/gcc/arm-none-eabi/11.3.1/../../../../arm-none-eabi/lib/thumb/v7e-m/nofp\libc_nano.a
LOAD C:/ST/STM32CubeIDE_1.14.1/STM32CubeIDE/plugins/com.st.stm32cube.ide.mcu.externaltools.gnu-tools-for-stm32.11.3.rel1.win32_1.1.100.202309141235/tools/bin/../lib/gcc/arm-none-eabi/11.3.1/../../../../arm-none-eabi/lib/thumb/v7e-m/nofp\libm.a
END GROUP
START GROUP
LOAD C:/ST/STM32CubeIDE_1.14.1/STM32CubeIDE/plugins/com.st.stm32cube.ide.mcu.externaltools.gnu-tools-for-stm32.11.3.rel1.win32_1.1.100.202309141235/tools/bin/../lib/gcc/arm-none-eabi/11.3.1/thumb/v7e-m/nofp\libgcc.a
LOAD C:/ST/STM32CubeIDE_1.14.1/STM32CubeIDE/plugins/com.st.stm32cube.ide.mcu.externaltools.gnu-tools-for-stm32.11.3.rel1.win32_1.1.100.202309141235/tools/bin/../lib/gcc/arm-none-eabi/11.3.1/../../../../arm-none-eabi/lib/thumb/v7e-m/nofp\libc_nano.a
END GROUP
START GROUP
LOAD C:/ST/STM32CubeIDE_1.14.1/STM32CubeIDE/plugins/com.st.stm32cube.ide.mcu.externaltools.gnu-tools-for-stm32.11.3.rel1.win32_1.1.100.202309141235/tools/bin/../lib/gcc/arm-none-eabi/11.3.1/thumb/v7e-m/nofp\libgcc.a
LOAD C:/ST/STM32CubeIDE_1.14.1/STM32CubeIDE/plugins/com.st.stm32cube.ide.mcu.externaltools.gnu-tools-for-stm32.11.3.rel1.win32_1.1.100.202309141235/tools/bin/../lib/gcc/arm-none-eabi/11.3.1/../../../../arm-none-eabi/lib/thumb/v7e-m/nofp\libc_nano.a
LOAD C:/ST/STM32CubeIDE_1.14.1/STM32CubeIDE/plugins/com.st.stm32cube.ide.mcu.externaltools.gnu-tools-for-stm32.11.3.rel1.win32_1.1.100.202309141235/tools/bin/../lib/gcc/arm-none-eabi/11.3.1/../../../../arm-none-eabi/lib/thumb/v7e-m/nofp\libnosys.a
END GROUP
START GROUP
LOAD C:/ST/STM32CubeIDE_1.14.1/STM32CubeIDE/plugins/com.st.stm32cube.ide.mcu.externaltools.gnu-tools-for-stm32.11.3.rel1.win32_1.1.100.202309141235/tools/bin/../lib/gcc/arm-none-eabi/11.3.1/thumb/v7e-m/nofp\libgcc.a
LOAD C:/ST/STM32CubeIDE_1.14.1/STM32CubeIDE/plugins/com.st.stm32cube.ide.mcu.externaltools.gnu-tools-for-stm32.11.3.rel1.win32_1.1.100.202309141235/tools/bin/../lib/gcc/arm-none-eabi/11.3.1/../../../../arm-none-eabi/lib/thumb/v7e-m/nofp\libc_nano.a
LOAD C:/ST/STM32CubeIDE_1.14.1/STM32CubeIDE/plugins/com.st.stm32cube.ide.mcu.externaltools.gnu-tools-for-stm32.11.3.rel1.win32_1.1.100.202309141235/tools/bin/../lib/gcc/arm-none-eabi/11.3.1/../../../../arm-none-eabi/lib/thumb/v7e-m/nofp\libnosys.a
END GROUP
LOAD C:/ST/STM32CubeIDE_1.14.1/STM32CubeIDE/plugins/com.st.stm32cube.ide.mcu.externaltools.gnu-tools-for-stm32.11.3.rel1.win32_1.1.100.202309141235/tools/bin/../lib/gcc/arm-none-eabi/11.3.1/thumb/v7e-m/nofp/crtend.o
LOAD C:/ST/STM32CubeIDE_1.14.1/STM32CubeIDE/plugins/com.st.stm32cube.ide.mcu.externaltools.gnu-tools-for-stm32.11.3.rel1.win32_1.1.100.202309141235/tools/bin/../lib/gcc/arm-none-eabi/11.3.1/thumb/v7e-m/nofp/crtn.o
                0x0000000020018000                _estack = (ORIGIN (RAM) + LENGTH (RAM))
                0x0000000000000200                _Min_Heap_Size = 0x200
                0x0000000000000400                _Min_Stack_Size = 0x400

.isr_vector     0x0000000008000000      0x188
                0x0000000008000000                . = ALIGN (0x4)
 *(.isr_vector)
 .isr_vector    0x0000000008000000      0x188 ./Startup/startup_stm32l475vgtx.o
                0x0000000008000000                g_pfnVectors
                0x0000000008000188                . = ALIGN (0x4)

.text           0x0000000008000190     0x2818
                0x0000000008000190                . = ALIGN (0x4)
 *(.text)
 .text          0x0000000008000190       0x40 C:/ST/STM32CubeIDE_1.14.1/STM32CubeIDE/plugins/com.st.stm32cube.ide.mcu.externaltools.gnu-tools-for-stm32.11.3.rel1.win32_1.1.100.202309141235/tools/bin/../lib/gcc/arm-none-eabi/11.3.1/thumb/v7e-m/nofp/crtbegin.o
 .text          0x00000000080001d0       0xa0 C:/ST/STM32CubeIDE_1.14.1/STM32CubeIDE/plugins/com.st.stm32cube.ide.mcu.externaltools.gnu-tools-for-stm32.11.3.rel1.win32_1.1.100.202309141235/tools/bin/../lib/gcc/arm-none-eabi/11.3.1/../../../../arm-none-eabi/lib/thumb/v7e-m/nofp\libc_nano.a(libc_a-memchr.o)
                0x00000000080001d0                memchr
 *(.text*)
 .text.RCC_config
                0x0000000008000270       0x64 ./Src/017rtc_ldc.o
                0x0000000008000270                RCC_config
 .text.GPIO_LCDInit
                0x00000000080002d4      0x120 ./Src/017rtc_ldc.o
                0x00000000080002d4                GPIO_LCDInit
 .text.get_day_of_week
                0x00000000080003f4       0x3c ./Src/017rtc_ldc.o
                0x00000000080003f4                get_day_of_week
 .text.number_to_string
                0x0000000008000430       0x74 ./Src/017rtc_ldc.o
                0x0000000008000430                number_to_string
 .text.time_to_string
                0x00000000080004a4       0x54 ./Src/017rtc_ldc.o
                0x00000000080004a4                time_to_string
 .text.date_to_string
                0x00000000080004f8       0x54 ./Src/017rtc_ldc.o
                0x00000000080004f8                date_to_string
 .text.mdelay   0x000000000800054c       0x30 ./Src/017rtc_ldc.o
 .text.main     0x000000000800057c       0x74 ./Src/017rtc_ldc.o
                0x000000000800057c                main
 .text.SysTick_Handler
                0x00000000080005f0       0x7c ./Src/017rtc_ldc.o
                0x00000000080005f0                SysTick_Handler
 .text._read    0x000000000800066c       0x3a ./Src/syscalls.o
                0x000000000800066c                _read
 .text._write   0x00000000080006a6       0x38 ./Src/syscalls.o
                0x00000000080006a6                _write
 .text._close   0x00000000080006de       0x16 ./Src/syscalls.o
                0x00000000080006de                _close
 .text._fstat   0x00000000080006f4       0x1e ./Src/syscalls.o
                0x00000000080006f4                _fstat
 .text._isatty  0x0000000008000712       0x14 ./Src/syscalls.o
                0x0000000008000712                _isatty
 .text._lseek   0x0000000008000726       0x18 ./Src/syscalls.o
                0x0000000008000726                _lseek
 *fill*         0x000000000800073e        0x2 
 .text._sbrk    0x0000000008000740       0x6c ./Src/sysmem.o
                0x0000000008000740                _sbrk
 .text.Reset_Handler
                0x00000000080007ac       0x50 ./Startup/startup_stm32l475vgtx.o
                0x00000000080007ac                Reset_Handler
 .text.Default_Handler
                0x00000000080007fc        0x2 ./Startup/startup_stm32l475vgtx.o
                0x00000000080007fc                EXTI2_IRQHandler
                0x00000000080007fc                TIM8_TRG_COM_IRQHandler
                0x00000000080007fc                TIM8_CC_IRQHandler
                0x00000000080007fc                DebugMon_Handler
                0x00000000080007fc                DMA1_CH4_IRQHandler
                0x00000000080007fc                TIM1_CC_IRQHandler
                0x00000000080007fc                TSC_IRQHandler
                0x00000000080007fc                HardFault_Handler
                0x00000000080007fc                TAMP_STAMP_IRQHandler
                0x00000000080007fc                PendSV_Handler
                0x00000000080007fc                NMI_Handler
                0x00000000080007fc                EXTI3_IRQHandler
                0x00000000080007fc                LPTIM2_IRQHandler
                0x00000000080007fc                DFSDM1_FLT1_IRQHandler
                0x00000000080007fc                I2C3_ER_IRQHandler
                0x00000000080007fc                DFSDM1_FLT2_IRQHandler
                0x00000000080007fc                TIM6_DACUNDER_IRQHandler
                0x00000000080007fc                EXTI0_IRQHandler
                0x00000000080007fc                I2C2_EV_IRQHandler
                0x00000000080007fc                DMA2_CH1_IRQHandler
                0x00000000080007fc                CAN1_RX0_IRQHandler
                0x00000000080007fc                FPU_IRQHandler
                0x00000000080007fc                TIM1_UP_TIM16_IRQHandler
                0x00000000080007fc                DMA2_CH7_IRQHandler
                0x00000000080007fc                UsageFault_Handler
                0x00000000080007fc                ADC1_2_IRQHandler
                0x00000000080007fc                SPI1_IRQHandler
                0x00000000080007fc                DMA1_CH7_IRQHandler
                0x00000000080007fc                TIM8_UP_IRQHandler
                0x00000000080007fc                RTC_ALARM_IRQHandler
                0x00000000080007fc                SAI2_IRQHandler
                0x00000000080007fc                DFSDM1_FLT3_IRQHandler
                0x00000000080007fc                DMA1_CH6_IRQHandler
                0x00000000080007fc                USART3_IRQHandler
                0x00000000080007fc                CAN1_RX1_IRQHandler
                0x00000000080007fc                LCD_IRQHandler
                0x00000000080007fc                UART5_IRQHandler
                0x00000000080007fc                ADC3_IRQHandler
                0x00000000080007fc                TIM4_IRQHandler
                0x00000000080007fc                QUADSPI_IRQHandler
                0x00000000080007fc                I2C1_EV_IRQHandler
                0x00000000080007fc                DMA2_CH5_IRQHandler
                0x00000000080007fc                UART4_IRQHandler
                0x00000000080007fc                DMA1_CH3_IRQHandler
                0x00000000080007fc                TIM3_IRQHandler
                0x00000000080007fc                RCC_IRQHandler
                0x00000000080007fc                Default_Handler
                0x00000000080007fc                EXTI15_10_IRQHandler
                0x00000000080007fc                TIM7_IRQHandler
                0x00000000080007fc                SDMMC1_IRQHandler
                0x00000000080007fc                TIM5_IRQHandler
                0x00000000080007fc                I2C3_EV_IRQHandler
                0x00000000080007fc                EXTI9_5_IRQHandler
                0x00000000080007fc                DMA1_CH2_IRQHandler
                0x00000000080007fc                RTC_WKUP_IRQHandler
                0x00000000080007fc                PVD_PVM_IRQHandler
                0x00000000080007fc                SPI2_IRQHandler
                0x00000000080007fc                DMA1_CH1_IRQHandler
                0x00000000080007fc                MemManage_Handler
                0x00000000080007fc                CAN1_TX_IRQHandler
                0x00000000080007fc                SVC_Handler
                0x00000000080007fc                EXTI4_IRQHandler
                0x00000000080007fc                RNG_IRQHandler
                0x00000000080007fc                TIM1_TRG_COM_TIM17_IRQHandler
                0x00000000080007fc                COMP_IRQHandler
                0x00000000080007fc                WWDG_IRQHandler
                0x00000000080007fc                LPUART1_IRQHandler
                0x00000000080007fc                TIM2_IRQHandler
                0x00000000080007fc                EXTI1_IRQHandler
                0x00000000080007fc                AES_IRQHandler
                0x00000000080007fc                USART2_IRQHandler
                0x00000000080007fc                DFSDM1_FLT0_IRQHandler
                0x00000000080007fc                I2C2_ER_IRQHandler
                0x00000000080007fc                TIM8_BRK_IRQHandler
                0x00000000080007fc                CAN1_SCE_IRQHandler
                0x00000000080007fc                FLASH_IRQHandler
                0x00000000080007fc                BusFault_Handler
                0x00000000080007fc                USART1_IRQHandler
                0x00000000080007fc                OTG_FS_IRQHandler
                0x00000000080007fc                SPI3_IRQHandler
                0x00000000080007fc                DMA2_CH6_IRQHandler
                0x00000000080007fc                DMA2_CH3_IRQHandler
                0x00000000080007fc                DMA2_CH2_IRQHandler
                0x00000000080007fc                I2C1_ER_IRQHandler
                0x00000000080007fc                FMC_IRQHandler
                0x00000000080007fc                DMA1_CH5_IRQHandler
                0x00000000080007fc                DMA2_CH4_IRQHandler
                0x00000000080007fc                SWPMI1_IRQHandler
                0x00000000080007fc                LPTIM1_IRQHandler
                0x00000000080007fc                SAI1_IRQHandler
                0x00000000080007fc                TIM1_BRK_TIM15_IRQHandler
 *fill*         0x00000000080007fe        0x2 
 .text.ds3231_init
                0x0000000008000800       0x30 ./bsp/ds3231.o
                0x0000000008000800                ds3231_init
 .text.ds3231_set_current_time
                0x0000000008000830       0x92 ./bsp/ds3231.o
                0x0000000008000830                ds3231_set_current_time
 .text.ds3231_get_current_time
                0x00000000080008c2       0x8a ./bsp/ds3231.o
                0x00000000080008c2                ds3231_get_current_time
 .text.ds3231_set_current_date
                0x000000000800094c       0x60 ./bsp/ds3231.o
                0x000000000800094c                ds3231_set_current_date
 .text.ds3231_get_current_date
                0x00000000080009ac       0x68 ./bsp/ds3231.o
                0x00000000080009ac                ds3231_get_current_date
 .text.ds3231_i2c_pin_config
                0x0000000008000a14       0x88 ./bsp/ds3231.o
 .text.ds3231_i2c_config
                0x0000000008000a9c       0x2c ./bsp/ds3231.o
 .text.ds3231_write
                0x0000000008000ac8       0x3c ./bsp/ds3231.o
 .text.ds3231_read
                0x0000000008000b04       0x44 ./bsp/ds3231.o
 .text.binary_to_bcd
                0x0000000008000b48       0x58 ./bsp/ds3231.o
 .text.bcd_to_binary
                0x0000000008000ba0       0x3a ./bsp/ds3231.o
 *fill*         0x0000000008000bda        0x2 
 .text.lcd_send_command
                0x0000000008000bdc       0x48 ./bsp/lcdx.o
                0x0000000008000bdc                lcd_send_command
 .text.lcd_print_char
                0x0000000008000c24       0x44 ./bsp/lcdx.o
                0x0000000008000c24                lcd_print_char
 .text.lcd_print_string
                0x0000000008000c68       0x28 ./bsp/lcdx.o
                0x0000000008000c68                lcd_print_string
 .text.lcd_initx
                0x0000000008000c90       0xb0 ./bsp/lcdx.o
                0x0000000008000c90                lcd_initx
 .text.lcd_display_return_home
                0x0000000008000d40       0x14 ./bsp/lcdx.o
                0x0000000008000d40                lcd_display_return_home
 .text.write_4_bits
                0x0000000008000d54       0x70 ./bsp/lcdx.o
 .text.lcd_display_clear
                0x0000000008000dc4       0x14 ./bsp/lcdx.o
                0x0000000008000dc4                lcd_display_clear
 .text.lcd_enable
                0x0000000008000dd8       0x2c ./bsp/lcdx.o
 .text.mdelay   0x0000000008000e04       0x34 ./bsp/lcdx.o
 .text.udelay   0x0000000008000e38       0x2a ./bsp/lcdx.o
 *fill*         0x0000000008000e62        0x2 
 .text.GPIO_PeriClockControl
                0x0000000008000e64      0x19c ./drivers/Src/stm32l475xx_gpio_driver.o
                0x0000000008000e64                GPIO_PeriClockControl
 .text.GPIO_Init
                0x0000000008001000      0x344 ./drivers/Src/stm32l475xx_gpio_driver.o
                0x0000000008001000                GPIO_Init
 .text.GPIO_WriteToOuputPin
                0x0000000008001344       0x48 ./drivers/Src/stm32l475xx_gpio_driver.o
                0x0000000008001344                GPIO_WriteToOuputPin
 .text.I2C_CalcDelay
                0x000000000800138c       0x68 ./drivers/Src/stm32l475xx_i2c_driver.o
 .text.I2C_AddressMode7bits
                0x00000000080013f4       0x1e ./drivers/Src/stm32l475xx_i2c_driver.o
 .text.I2C_TransferDirWriteMasterM
                0x0000000008001412       0x1e ./drivers/Src/stm32l475xx_i2c_driver.o
 .text.I2C_TransferDirReadMasterM
                0x0000000008001430       0x1e ./drivers/Src/stm32l475xx_i2c_driver.o
 .text.I2C_TransferDirWorRMasterM
                0x000000000800144e       0x3c ./drivers/Src/stm32l475xx_i2c_driver.o
 .text.I2C_GenerateStartCondition
                0x000000000800148a       0x1e ./drivers/Src/stm32l475xx_i2c_driver.o
 .text.I2C_ExecuteAddressPhase
                0x00000000080014a8       0x22 ./drivers/Src/stm32l475xx_i2c_driver.o
 .text.I2C_NBytestobeTransferred
                0x00000000080014ca       0x30 ./drivers/Src/stm32l475xx_i2c_driver.o
 .text.I2C_AutoendCondition
                0x00000000080014fa       0x3c ./drivers/Src/stm32l475xx_i2c_driver.o
 .text.I2C_RestartCondition
                0x0000000008001536       0x56 ./drivers/Src/stm32l475xx_i2c_driver.o
 .text.I2C_GenerateStopCondition
                0x000000000800158c       0x2a ./drivers/Src/stm32l475xx_i2c_driver.o
 .text.Timing_Settings
                0x00000000080015b6       0xaa ./drivers/Src/stm32l475xx_i2c_driver.o
                0x00000000080015b6                Timing_Settings
 .text.I2C_PeriClockControl
                0x0000000008001660       0xb0 ./drivers/Src/stm32l475xx_i2c_driver.o
                0x0000000008001660                I2C_PeriClockControl
 .text.I2C_Init
                0x0000000008001710      0x110 ./drivers/Src/stm32l475xx_i2c_driver.o
                0x0000000008001710                I2C_Init
 .text.I2C_MasterSendData
                0x0000000008001820      0x12c ./drivers/Src/stm32l475xx_i2c_driver.o
                0x0000000008001820                I2C_MasterSendData
 .text.I2C_MasterReceiveData
                0x000000000800194c       0xdc ./drivers/Src/stm32l475xx_i2c_driver.o
                0x000000000800194c                I2C_MasterReceiveData
 .text.I2C_PeripheralControl
                0x0000000008001a28       0x36 ./drivers/Src/stm32l475xx_i2c_driver.o
                0x0000000008001a28                I2C_PeripheralControl
 .text.I2C_GetFlagStatus
                0x0000000008001a5e       0x26 ./drivers/Src/stm32l475xx_i2c_driver.o
                0x0000000008001a5e                I2C_GetFlagStatus
 .text.RCC_GetPCLK1Value
                0x0000000008001a84       0xac ./drivers/Src/stm32l475xx_rcc_driver.o
                0x0000000008001a84                RCC_GetPCLK1Value
 .text.std      0x0000000008001b30       0x6c C:/ST/STM32CubeIDE_1.14.1/STM32CubeIDE/plugins/com.st.stm32cube.ide.mcu.externaltools.gnu-tools-for-stm32.11.3.rel1.win32_1.1.100.202309141235/tools/bin/../lib/gcc/arm-none-eabi/11.3.1/../../../../arm-none-eabi/lib/thumb/v7e-m/nofp\libc_nano.a(libc_a-findfp.o)
 .text.stdio_exit_handler
                0x0000000008001b9c       0x18 C:/ST/STM32CubeIDE_1.14.1/STM32CubeIDE/plugins/com.st.stm32cube.ide.mcu.externaltools.gnu-tools-for-stm32.11.3.rel1.win32_1.1.100.202309141235/tools/bin/../lib/gcc/arm-none-eabi/11.3.1/../../../../arm-none-eabi/lib/thumb/v7e-m/nofp\libc_nano.a(libc_a-findfp.o)
 .text.cleanup_stdio
                0x0000000008001bb4       0x40 C:/ST/STM32CubeIDE_1.14.1/STM32CubeIDE/plugins/com.st.stm32cube.ide.mcu.externaltools.gnu-tools-for-stm32.11.3.rel1.win32_1.1.100.202309141235/tools/bin/../lib/gcc/arm-none-eabi/11.3.1/../../../../arm-none-eabi/lib/thumb/v7e-m/nofp\libc_nano.a(libc_a-findfp.o)
 .text.global_stdio_init.part.0
                0x0000000008001bf4       0x3c C:/ST/STM32CubeIDE_1.14.1/STM32CubeIDE/plugins/com.st.stm32cube.ide.mcu.externaltools.gnu-tools-for-stm32.11.3.rel1.win32_1.1.100.202309141235/tools/bin/../lib/gcc/arm-none-eabi/11.3.1/../../../../arm-none-eabi/lib/thumb/v7e-m/nofp\libc_nano.a(libc_a-findfp.o)
 .text.__sfp_lock_acquire
                0x0000000008001c30        0xc C:/ST/STM32CubeIDE_1.14.1/STM32CubeIDE/plugins/com.st.stm32cube.ide.mcu.externaltools.gnu-tools-for-stm32.11.3.rel1.win32_1.1.100.202309141235/tools/bin/../lib/gcc/arm-none-eabi/11.3.1/../../../../arm-none-eabi/lib/thumb/v7e-m/nofp\libc_nano.a(libc_a-findfp.o)
                0x0000000008001c30                __sfp_lock_acquire
 .text.__sfp_lock_release
                0x0000000008001c3c        0xc C:/ST/STM32CubeIDE_1.14.1/STM32CubeIDE/plugins/com.st.stm32cube.ide.mcu.externaltools.gnu-tools-for-stm32.11.3.rel1.win32_1.1.100.202309141235/tools/bin/../lib/gcc/arm-none-eabi/11.3.1/../../../../arm-none-eabi/lib/thumb/v7e-m/nofp\libc_nano.a(libc_a-findfp.o)
                0x0000000008001c3c                __sfp_lock_release
 .text.__sinit  0x0000000008001c48       0x30 C:/ST/STM32CubeIDE_1.14.1/STM32CubeIDE/plugins/com.st.stm32cube.ide.mcu.externaltools.gnu-tools-for-stm32.11.3.rel1.win32_1.1.100.202309141235/tools/bin/../lib/gcc/arm-none-eabi/11.3.1/../../../../arm-none-eabi/lib/thumb/v7e-m/nofp\libc_nano.a(libc_a-findfp.o)
                0x0000000008001c48                __sinit
 .text._fwalk_sglue
                0x0000000008001c78       0x3c C:/ST/STM32CubeIDE_1.14.1/STM32CubeIDE/plugins/com.st.stm32cube.ide.mcu.externaltools.gnu-tools-for-stm32.11.3.rel1.win32_1.1.100.202309141235/tools/bin/../lib/gcc/arm-none-eabi/11.3.1/../../../../arm-none-eabi/lib/thumb/v7e-m/nofp\libc_nano.a(libc_a-fwalk.o)
                0x0000000008001c78                _fwalk_sglue
 .text.printf   0x0000000008001cb4       0x24 C:/ST/STM32CubeIDE_1.14.1/STM32CubeIDE/plugins/com.st.stm32cube.ide.mcu.externaltools.gnu-tools-for-stm32.11.3.rel1.win32_1.1.100.202309141235/tools/bin/../lib/gcc/arm-none-eabi/11.3.1/../../../../arm-none-eabi/lib/thumb/v7e-m/nofp\libc_nano.a(libc_a-printf.o)
                0x0000000008001cb4                iprintf
                0x0000000008001cb4                printf
 .text.__sread  0x0000000008001cd8       0x22 C:/ST/STM32CubeIDE_1.14.1/STM32CubeIDE/plugins/com.st.stm32cube.ide.mcu.externaltools.gnu-tools-for-stm32.11.3.rel1.win32_1.1.100.202309141235/tools/bin/../lib/gcc/arm-none-eabi/11.3.1/../../../../arm-none-eabi/lib/thumb/v7e-m/nofp\libc_nano.a(libc_a-stdio.o)
                0x0000000008001cd8                __sread
 .text.__swrite
                0x0000000008001cfa       0x38 C:/ST/STM32CubeIDE_1.14.1/STM32CubeIDE/plugins/com.st.stm32cube.ide.mcu.externaltools.gnu-tools-for-stm32.11.3.rel1.win32_1.1.100.202309141235/tools/bin/../lib/gcc/arm-none-eabi/11.3.1/../../../../arm-none-eabi/lib/thumb/v7e-m/nofp\libc_nano.a(libc_a-stdio.o)
                0x0000000008001cfa                __swrite
 .text.__sseek  0x0000000008001d32       0x24 C:/ST/STM32CubeIDE_1.14.1/STM32CubeIDE/plugins/com.st.stm32cube.ide.mcu.externaltools.gnu-tools-for-stm32.11.3.rel1.win32_1.1.100.202309141235/tools/bin/../lib/gcc/arm-none-eabi/11.3.1/../../../../arm-none-eabi/lib/thumb/v7e-m/nofp\libc_nano.a(libc_a-stdio.o)
                0x0000000008001d32                __sseek
 .text.__sclose
                0x0000000008001d56        0x8 C:/ST/STM32CubeIDE_1.14.1/STM32CubeIDE/plugins/com.st.stm32cube.ide.mcu.externaltools.gnu-tools-for-stm32.11.3.rel1.win32_1.1.100.202309141235/tools/bin/../lib/gcc/arm-none-eabi/11.3.1/../../../../arm-none-eabi/lib/thumb/v7e-m/nofp\libc_nano.a(libc_a-stdio.o)
                0x0000000008001d56                __sclose
 .text.memset   0x0000000008001d5e       0x10 C:/ST/STM32CubeIDE_1.14.1/STM32CubeIDE/plugins/com.st.stm32cube.ide.mcu.externaltools.gnu-tools-for-stm32.11.3.rel1.win32_1.1.100.202309141235/tools/bin/../lib/gcc/arm-none-eabi/11.3.1/../../../../arm-none-eabi/lib/thumb/v7e-m/nofp\libc_nano.a(libc_a-memset.o)
                0x0000000008001d5e                memset
 *fill*         0x0000000008001d6e        0x2 
 .text._close_r
                0x0000000008001d70       0x20 C:/ST/STM32CubeIDE_1.14.1/STM32CubeIDE/plugins/com.st.stm32cube.ide.mcu.externaltools.gnu-tools-for-stm32.11.3.rel1.win32_1.1.100.202309141235/tools/bin/../lib/gcc/arm-none-eabi/11.3.1/../../../../arm-none-eabi/lib/thumb/v7e-m/nofp\libc_nano.a(libc_a-closer.o)
                0x0000000008001d70                _close_r
 .text._lseek_r
                0x0000000008001d90       0x24 C:/ST/STM32CubeIDE_1.14.1/STM32CubeIDE/plugins/com.st.stm32cube.ide.mcu.externaltools.gnu-tools-for-stm32.11.3.rel1.win32_1.1.100.202309141235/tools/bin/../lib/gcc/arm-none-eabi/11.3.1/../../../../arm-none-eabi/lib/thumb/v7e-m/nofp\libc_nano.a(libc_a-lseekr.o)
                0x0000000008001d90                _lseek_r
 .text._read_r  0x0000000008001db4       0x24 C:/ST/STM32CubeIDE_1.14.1/STM32CubeIDE/plugins/com.st.stm32cube.ide.mcu.externaltools.gnu-tools-for-stm32.11.3.rel1.win32_1.1.100.202309141235/tools/bin/../lib/gcc/arm-none-eabi/11.3.1/../../../../arm-none-eabi/lib/thumb/v7e-m/nofp\libc_nano.a(libc_a-readr.o)
                0x0000000008001db4                _read_r
 .text._write_r
                0x0000000008001dd8       0x24 C:/ST/STM32CubeIDE_1.14.1/STM32CubeIDE/plugins/com.st.stm32cube.ide.mcu.externaltools.gnu-tools-for-stm32.11.3.rel1.win32_1.1.100.202309141235/tools/bin/../lib/gcc/arm-none-eabi/11.3.1/../../../../arm-none-eabi/lib/thumb/v7e-m/nofp\libc_nano.a(libc_a-writer.o)
                0x0000000008001dd8                _write_r
 .text.__errno  0x0000000008001dfc        0xc C:/ST/STM32CubeIDE_1.14.1/STM32CubeIDE/plugins/com.st.stm32cube.ide.mcu.externaltools.gnu-tools-for-stm32.11.3.rel1.win32_1.1.100.202309141235/tools/bin/../lib/gcc/arm-none-eabi/11.3.1/../../../../arm-none-eabi/lib/thumb/v7e-m/nofp\libc_nano.a(libc_a-errno.o)
                0x0000000008001dfc                __errno
 .text.__libc_init_array
                0x0000000008001e08       0x48 C:/ST/STM32CubeIDE_1.14.1/STM32CubeIDE/plugins/com.st.stm32cube.ide.mcu.externaltools.gnu-tools-for-stm32.11.3.rel1.win32_1.1.100.202309141235/tools/bin/../lib/gcc/arm-none-eabi/11.3.1/../../../../arm-none-eabi/lib/thumb/v7e-m/nofp\libc_nano.a(libc_a-init.o)
                0x0000000008001e08                __libc_init_array
 .text.__retarget_lock_init_recursive
                0x0000000008001e50        0x2 C:/ST/STM32CubeIDE_1.14.1/STM32CubeIDE/plugins/com.st.stm32cube.ide.mcu.externaltools.gnu-tools-for-stm32.11.3.rel1.win32_1.1.100.202309141235/tools/bin/../lib/gcc/arm-none-eabi/11.3.1/../../../../arm-none-eabi/lib/thumb/v7e-m/nofp\libc_nano.a(libc_a-lock.o)
                0x0000000008001e50                __retarget_lock_init_recursive
 .text.__retarget_lock_acquire_recursive
                0x0000000008001e52        0x2 C:/ST/STM32CubeIDE_1.14.1/STM32CubeIDE/plugins/com.st.stm32cube.ide.mcu.externaltools.gnu-tools-for-stm32.11.3.rel1.win32_1.1.100.202309141235/tools/bin/../lib/gcc/arm-none-eabi/11.3.1/../../../../arm-none-eabi/lib/thumb/v7e-m/nofp\libc_nano.a(libc_a-lock.o)
                0x0000000008001e52                __retarget_lock_acquire_recursive
 .text.__retarget_lock_release_recursive
                0x0000000008001e54        0x2 C:/ST/STM32CubeIDE_1.14.1/STM32CubeIDE/plugins/com.st.stm32cube.ide.mcu.externaltools.gnu-tools-for-stm32.11.3.rel1.win32_1.1.100.202309141235/tools/bin/../lib/gcc/arm-none-eabi/11.3.1/../../../../arm-none-eabi/lib/thumb/v7e-m/nofp\libc_nano.a(libc_a-lock.o)
                0x0000000008001e54                __retarget_lock_release_recursive
 *fill*         0x0000000008001e56        0x2 
 .text._free_r  0x0000000008001e58       0x94 C:/ST/STM32CubeIDE_1.14.1/STM32CubeIDE/plugins/com.st.stm32cube.ide.mcu.externaltools.gnu-tools-for-stm32.11.3.rel1.win32_1.1.100.202309141235/tools/bin/../lib/gcc/arm-none-eabi/11.3.1/../../../../arm-none-eabi/lib/thumb/v7e-m/nofp\libc_nano.a(libc_a-freer.o)
                0x0000000008001e58                _free_r
 .text.sbrk_aligned
                0x0000000008001eec       0x40 C:/ST/STM32CubeIDE_1.14.1/STM32CubeIDE/plugins/com.st.stm32cube.ide.mcu.externaltools.gnu-tools-for-stm32.11.3.rel1.win32_1.1.100.202309141235/tools/bin/../lib/gcc/arm-none-eabi/11.3.1/../../../../arm-none-eabi/lib/thumb/v7e-m/nofp\libc_nano.a(libc_a-mallocr.o)
 .text._malloc_r
                0x0000000008001f2c      0x100 C:/ST/STM32CubeIDE_1.14.1/STM32CubeIDE/plugins/com.st.stm32cube.ide.mcu.externaltools.gnu-tools-for-stm32.11.3.rel1.win32_1.1.100.202309141235/tools/bin/../lib/gcc/arm-none-eabi/11.3.1/../../../../arm-none-eabi/lib/thumb/v7e-m/nofp\libc_nano.a(libc_a-mallocr.o)
                0x0000000008001f2c                _malloc_r
 .text.__malloc_lock
                0x000000000800202c        0xc C:/ST/STM32CubeIDE_1.14.1/STM32CubeIDE/plugins/com.st.stm32cube.ide.mcu.externaltools.gnu-tools-for-stm32.11.3.rel1.win32_1.1.100.202309141235/tools/bin/../lib/gcc/arm-none-eabi/11.3.1/../../../../arm-none-eabi/lib/thumb/v7e-m/nofp\libc_nano.a(libc_a-mlock.o)
                0x000000000800202c                __malloc_lock
 .text.__malloc_unlock
                0x0000000008002038        0xc C:/ST/STM32CubeIDE_1.14.1/STM32CubeIDE/plugins/com.st.stm32cube.ide.mcu.externaltools.gnu-tools-for-stm32.11.3.rel1.win32_1.1.100.202309141235/tools/bin/../lib/gcc/arm-none-eabi/11.3.1/../../../../arm-none-eabi/lib/thumb/v7e-m/nofp\libc_nano.a(libc_a-mlock.o)
                0x0000000008002038                __malloc_unlock
 .text.__sfputc_r
                0x0000000008002044       0x2a C:/ST/STM32CubeIDE_1.14.1/STM32CubeIDE/plugins/com.st.stm32cube.ide.mcu.externaltools.gnu-tools-for-stm32.11.3.rel1.win32_1.1.100.202309141235/tools/bin/../lib/gcc/arm-none-eabi/11.3.1/../../../../arm-none-eabi/lib/thumb/v7e-m/nofp\libc_nano.a(libc_a-nano-vfprintf.o)
 .text.__sfputs_r
                0x000000000800206e       0x24 C:/ST/STM32CubeIDE_1.14.1/STM32CubeIDE/plugins/com.st.stm32cube.ide.mcu.externaltools.gnu-tools-for-stm32.11.3.rel1.win32_1.1.100.202309141235/tools/bin/../lib/gcc/arm-none-eabi/11.3.1/../../../../arm-none-eabi/lib/thumb/v7e-m/nofp\libc_nano.a(libc_a-nano-vfprintf.o)
                0x000000000800206e                __sfputs_r
 *fill*         0x0000000008002092        0x2 
 .text._vfprintf_r
                0x0000000008002094      0x234 C:/ST/STM32CubeIDE_1.14.1/STM32CubeIDE/plugins/com.st.stm32cube.ide.mcu.externaltools.gnu-tools-for-stm32.11.3.rel1.win32_1.1.100.202309141235/tools/bin/../lib/gcc/arm-none-eabi/11.3.1/../../../../arm-none-eabi/lib/thumb/v7e-m/nofp\libc_nano.a(libc_a-nano-vfprintf.o)
                0x0000000008002094                _vfprintf_r
                0x0000000008002094                _vfiprintf_r
 .text._printf_common
                0x00000000080022c8       0xda C:/ST/STM32CubeIDE_1.14.1/STM32CubeIDE/plugins/com.st.stm32cube.ide.mcu.externaltools.gnu-tools-for-stm32.11.3.rel1.win32_1.1.100.202309141235/tools/bin/../lib/gcc/arm-none-eabi/11.3.1/../../../../arm-none-eabi/lib/thumb/v7e-m/nofp\libc_nano.a(libc_a-nano-vfprintf_i.o)
                0x00000000080022c8                _printf_common
 *fill*         0x00000000080023a2        0x2 
 .text._printf_i
                0x00000000080023a4      0x244 C:/ST/STM32CubeIDE_1.14.1/STM32CubeIDE/plugins/com.st.stm32cube.ide.mcu.externaltools.gnu-tools-for-stm32.11.3.rel1.win32_1.1.100.202309141235/tools/bin/../lib/gcc/arm-none-eabi/11.3.1/../../../../arm-none-eabi/lib/thumb/v7e-m/nofp\libc_nano.a(libc_a-nano-vfprintf_i.o)
                0x00000000080023a4                _printf_i
 .text.__sflush_r
                0x00000000080025e8      0x104 C:/ST/STM32CubeIDE_1.14.1/STM32CubeIDE/plugins/com.st.stm32cube.ide.mcu.externaltools.gnu-tools-for-stm32.11.3.rel1.win32_1.1.100.202309141235/tools/bin/../lib/gcc/arm-none-eabi/11.3.1/../../../../arm-none-eabi/lib/thumb/v7e-m/nofp\libc_nano.a(libc_a-fflush.o)
                0x00000000080025e8                __sflush_r
 .text._fflush_r
                0x00000000080026ec       0x50 C:/ST/STM32CubeIDE_1.14.1/STM32CubeIDE/plugins/com.st.stm32cube.ide.mcu.externaltools.gnu-tools-for-stm32.11.3.rel1.win32_1.1.100.202309141235/tools/bin/../lib/gcc/arm-none-eabi/11.3.1/../../../../arm-none-eabi/lib/thumb/v7e-m/nofp\libc_nano.a(libc_a-fflush.o)
                0x00000000080026ec                _fflush_r
 .text.__swbuf_r
                0x000000000800273c       0x7a C:/ST/STM32CubeIDE_1.14.1/STM32CubeIDE/plugins/com.st.stm32cube.ide.mcu.externaltools.gnu-tools-for-stm32.11.3.rel1.win32_1.1.100.202309141235/tools/bin/../lib/gcc/arm-none-eabi/11.3.1/../../../../arm-none-eabi/lib/thumb/v7e-m/nofp\libc_nano.a(libc_a-wbuf.o)
                0x000000000800273c                __swbuf_r
 *fill*         0x00000000080027b6        0x2 
 .text.__swsetup_r
                0x00000000080027b8       0xb0 C:/ST/STM32CubeIDE_1.14.1/STM32CubeIDE/plugins/com.st.stm32cube.ide.mcu.externaltools.gnu-tools-for-stm32.11.3.rel1.win32_1.1.100.202309141235/tools/bin/../lib/gcc/arm-none-eabi/11.3.1/../../../../arm-none-eabi/lib/thumb/v7e-m/nofp\libc_nano.a(libc_a-wsetup.o)
                0x00000000080027b8                __swsetup_r
 .text._sbrk_r  0x0000000008002868       0x20 C:/ST/STM32CubeIDE_1.14.1/STM32CubeIDE/plugins/com.st.stm32cube.ide.mcu.externaltools.gnu-tools-for-stm32.11.3.rel1.win32_1.1.100.202309141235/tools/bin/../lib/gcc/arm-none-eabi/11.3.1/../../../../arm-none-eabi/lib/thumb/v7e-m/nofp\libc_nano.a(libc_a-sbrkr.o)
                0x0000000008002868                _sbrk_r
 .text.__swhatbuf_r
                0x0000000008002888       0x4c C:/ST/STM32CubeIDE_1.14.1/STM32CubeIDE/plugins/com.st.stm32cube.ide.mcu.externaltools.gnu-tools-for-stm32.11.3.rel1.win32_1.1.100.202309141235/tools/bin/../lib/gcc/arm-none-eabi/11.3.1/../../../../arm-none-eabi/lib/thumb/v7e-m/nofp\libc_nano.a(libc_a-makebuf.o)
                0x0000000008002888                __swhatbuf_r
 .text.__smakebuf_r
                0x00000000080028d4       0x78 C:/ST/STM32CubeIDE_1.14.1/STM32CubeIDE/plugins/com.st.stm32cube.ide.mcu.externaltools.gnu-tools-for-stm32.11.3.rel1.win32_1.1.100.202309141235/tools/bin/../lib/gcc/arm-none-eabi/11.3.1/../../../../arm-none-eabi/lib/thumb/v7e-m/nofp\libc_nano.a(libc_a-makebuf.o)
                0x00000000080028d4                __smakebuf_r
 .text._fstat_r
                0x000000000800294c       0x24 C:/ST/STM32CubeIDE_1.14.1/STM32CubeIDE/plugins/com.st.stm32cube.ide.mcu.externaltools.gnu-tools-for-stm32.11.3.rel1.win32_1.1.100.202309141235/tools/bin/../lib/gcc/arm-none-eabi/11.3.1/../../../../arm-none-eabi/lib/thumb/v7e-m/nofp\libc_nano.a(libc_a-fstatr.o)
                0x000000000800294c                _fstat_r
 .text._isatty_r
                0x0000000008002970       0x20 C:/ST/STM32CubeIDE_1.14.1/STM32CubeIDE/plugins/com.st.stm32cube.ide.mcu.externaltools.gnu-tools-for-stm32.11.3.rel1.win32_1.1.100.202309141235/tools/bin/../lib/gcc/arm-none-eabi/11.3.1/../../../../arm-none-eabi/lib/thumb/v7e-m/nofp\libc_nano.a(libc_a-isattyr.o)
                0x0000000008002970                _isatty_r
 *(.glue_7)
 .glue_7        0x0000000008002990        0x0 linker stubs
 *(.glue_7t)
 .glue_7t       0x0000000008002990        0x0 linker stubs
 *(.eh_frame)
 .eh_frame      0x0000000008002990        0x0 C:/ST/STM32CubeIDE_1.14.1/STM32CubeIDE/plugins/com.st.stm32cube.ide.mcu.externaltools.gnu-tools-for-stm32.11.3.rel1.win32_1.1.100.202309141235/tools/bin/../lib/gcc/arm-none-eabi/11.3.1/thumb/v7e-m/nofp/crtbegin.o
 *(.init)
 .init          0x0000000008002990        0x4 C:/ST/STM32CubeIDE_1.14.1/STM32CubeIDE/plugins/com.st.stm32cube.ide.mcu.externaltools.gnu-tools-for-stm32.11.3.rel1.win32_1.1.100.202309141235/tools/bin/../lib/gcc/arm-none-eabi/11.3.1/thumb/v7e-m/nofp/crti.o
                0x0000000008002990                _init
 .init          0x0000000008002994        0x8 C:/ST/STM32CubeIDE_1.14.1/STM32CubeIDE/plugins/com.st.stm32cube.ide.mcu.externaltools.gnu-tools-for-stm32.11.3.rel1.win32_1.1.100.202309141235/tools/bin/../lib/gcc/arm-none-eabi/11.3.1/thumb/v7e-m/nofp/crtn.o
 *(.fini)
 .fini          0x000000000800299c        0x4 C:/ST/STM32CubeIDE_1.14.1/STM32CubeIDE/plugins/com.st.stm32cube.ide.mcu.externaltools.gnu-tools-for-stm32.11.3.rel1.win32_1.1.100.202309141235/tools/bin/../lib/gcc/arm-none-eabi/11.3.1/thumb/v7e-m/nofp/crti.o
                0x000000000800299c                _fini
 .fini          0x00000000080029a0        0x8 C:/ST/STM32CubeIDE_1.14.1/STM32CubeIDE/plugins/com.st.stm32cube.ide.mcu.externaltools.gnu-tools-for-stm32.11.3.rel1.win32_1.1.100.202309141235/tools/bin/../lib/gcc/arm-none-eabi/11.3.1/thumb/v7e-m/nofp/crtn.o
                0x00000000080029a8                . = ALIGN (0x4)
                0x00000000080029a8                _etext = .

.vfp11_veneer   0x00000000080029a8        0x0
 .vfp11_veneer  0x00000000080029a8        0x0 linker stubs

.v4_bx          0x00000000080029a8        0x0
 .v4_bx         0x00000000080029a8        0x0 linker stubs

.iplt           0x00000000080029a8        0x0
 .iplt          0x00000000080029a8        0x0 C:/ST/STM32CubeIDE_1.14.1/STM32CubeIDE/plugins/com.st.stm32cube.ide.mcu.externaltools.gnu-tools-for-stm32.11.3.rel1.win32_1.1.100.202309141235/tools/bin/../lib/gcc/arm-none-eabi/11.3.1/thumb/v7e-m/nofp/crtbegin.o

.rodata         0x00000000080029a8       0xe0
                0x00000000080029a8                . = ALIGN (0x4)
 *(.rodata)
 .rodata        0x00000000080029a8       0xad ./Src/017rtc_ldc.o
 *(.rodata*)
 .rodata._vfprintf_r.str1.1
                0x0000000008002a55       0x11 C:/ST/STM32CubeIDE_1.14.1/STM32CubeIDE/plugins/com.st.stm32cube.ide.mcu.externaltools.gnu-tools-for-stm32.11.3.rel1.win32_1.1.100.202309141235/tools/bin/../lib/gcc/arm-none-eabi/11.3.1/../../../../arm-none-eabi/lib/thumb/v7e-m/nofp\libc_nano.a(libc_a-nano-vfprintf.o)
 .rodata._printf_i.str1.1
                0x0000000008002a66       0x22 C:/ST/STM32CubeIDE_1.14.1/STM32CubeIDE/plugins/com.st.stm32cube.ide.mcu.externaltools.gnu-tools-for-stm32.11.3.rel1.win32_1.1.100.202309141235/tools/bin/../lib/gcc/arm-none-eabi/11.3.1/../../../../arm-none-eabi/lib/thumb/v7e-m/nofp\libc_nano.a(libc_a-nano-vfprintf_i.o)
                0x0000000008002a88                . = ALIGN (0x4)

.rel.dyn        0x0000000008002a88        0x0
 .rel.iplt      0x0000000008002a88        0x0 C:/ST/STM32CubeIDE_1.14.1/STM32CubeIDE/plugins/com.st.stm32cube.ide.mcu.externaltools.gnu-tools-for-stm32.11.3.rel1.win32_1.1.100.202309141235/tools/bin/../lib/gcc/arm-none-eabi/11.3.1/thumb/v7e-m/nofp/crtbegin.o

.ARM.extab      0x0000000008002a88        0x0
                0x0000000008002a88                . = ALIGN (0x4)
 *(.ARM.extab* .gnu.linkonce.armextab.*)
                0x0000000008002a88                . = ALIGN (0x4)

.ARM            0x0000000008002a88        0x0
                0x0000000008002a88                . = ALIGN (0x4)
                0x0000000008002a88                __exidx_start = .
 *(.ARM.exidx*)
                0x0000000008002a88                __exidx_end = .
                0x0000000008002a88                . = ALIGN (0x4)

.preinit_array  0x0000000008002a88        0x0
                0x0000000008002a88                . = ALIGN (0x4)
                0x0000000008002a88                PROVIDE (__preinit_array_start = .)
 *(.preinit_array*)
                0x0000000008002a88                PROVIDE (__preinit_array_end = .)
                0x0000000008002a88                . = ALIGN (0x4)

.init_array     0x0000000008002a88        0x4
                0x0000000008002a88                . = ALIGN (0x4)
                0x0000000008002a88                PROVIDE (__init_array_start = .)
 *(SORT_BY_NAME(.init_array.*))
 *(.init_array*)
 .init_array    0x0000000008002a88        0x4 C:/ST/STM32CubeIDE_1.14.1/STM32CubeIDE/plugins/com.st.stm32cube.ide.mcu.externaltools.gnu-tools-for-stm32.11.3.rel1.win32_1.1.100.202309141235/tools/bin/../lib/gcc/arm-none-eabi/11.3.1/thumb/v7e-m/nofp/crtbegin.o
                0x0000000008002a8c                PROVIDE (__init_array_end = .)
                0x0000000008002a8c                . = ALIGN (0x4)

.fini_array     0x0000000008002a8c        0x4
                0x0000000008002a8c                . = ALIGN (0x4)
                [!provide]                        PROVIDE (__fini_array_start = .)
 *(SORT_BY_NAME(.fini_array.*))
 *(.fini_array*)
 .fini_array    0x0000000008002a8c        0x4 C:/ST/STM32CubeIDE_1.14.1/STM32CubeIDE/plugins/com.st.stm32cube.ide.mcu.externaltools.gnu-tools-for-stm32.11.3.rel1.win32_1.1.100.202309141235/tools/bin/../lib/gcc/arm-none-eabi/11.3.1/thumb/v7e-m/nofp/crtbegin.o
                [!provide]                        PROVIDE (__fini_array_end = .)
                0x0000000008002a90                . = ALIGN (0x4)
                0x0000000008002a90                _sidata = LOADADDR (.data)

.data           0x0000000020000000       0x74 load address 0x0000000008002a90
                0x0000000020000000                . = ALIGN (0x4)
                0x0000000020000000                _sdata = .
 *(.data)
 *(.data*)
 .data.AHB_preScaler
                0x0000000020000000       0x10 ./drivers/Src/stm32l475xx_rcc_driver.o
                0x0000000020000000                AHB_preScaler
 .data.APB1_preScaler
                0x0000000020000010        0x8 ./drivers/Src/stm32l475xx_rcc_driver.o
                0x0000000020000010                APB1_preScaler
 .data.__sglue  0x0000000020000018        0xc C:/ST/STM32CubeIDE_1.14.1/STM32CubeIDE/plugins/com.st.stm32cube.ide.mcu.externaltools.gnu-tools-for-stm32.11.3.rel1.win32_1.1.100.202309141235/tools/bin/../lib/gcc/arm-none-eabi/11.3.1/../../../../arm-none-eabi/lib/thumb/v7e-m/nofp\libc_nano.a(libc_a-findfp.o)
                0x0000000020000018                __sglue
 .data._impure_data
                0x0000000020000024       0x4c C:/ST/STM32CubeIDE_1.14.1/STM32CubeIDE/plugins/com.st.stm32cube.ide.mcu.externaltools.gnu-tools-for-stm32.11.3.rel1.win32_1.1.100.202309141235/tools/bin/../lib/gcc/arm-none-eabi/11.3.1/../../../../arm-none-eabi/lib/thumb/v7e-m/nofp\libc_nano.a(libc_a-impure.o)
                0x0000000020000024                _impure_data
 .data._impure_ptr
                0x0000000020000070        0x4 C:/ST/STM32CubeIDE_1.14.1/STM32CubeIDE/plugins/com.st.stm32cube.ide.mcu.externaltools.gnu-tools-for-stm32.11.3.rel1.win32_1.1.100.202309141235/tools/bin/../lib/gcc/arm-none-eabi/11.3.1/../../../../arm-none-eabi/lib/thumb/v7e-m/nofp\libc_nano.a(libc_a-impure.o)
                0x0000000020000070                _impure_ptr
 *(.RamFunc)
 *(.RamFunc*)
                0x0000000020000074                . = ALIGN (0x4)
                0x0000000020000074                _edata = .

.igot.plt       0x0000000020000074        0x0 load address 0x0000000008002b04
 .igot.plt      0x0000000020000074        0x0 C:/ST/STM32CubeIDE_1.14.1/STM32CubeIDE/plugins/com.st.stm32cube.ide.mcu.externaltools.gnu-tools-for-stm32.11.3.rel1.win32_1.1.100.202309141235/tools/bin/../lib/gcc/arm-none-eabi/11.3.1/thumb/v7e-m/nofp/crtbegin.o
                0x0000000020000074                . = ALIGN (0x4)

.bss            0x0000000020000074      0x1ac load address 0x0000000008002b04
                0x0000000020000074                _sbss = .
                0x0000000020000074                __bss_start__ = _sbss
 *(.bss)
 .bss           0x0000000020000074       0x1c C:/ST/STM32CubeIDE_1.14.1/STM32CubeIDE/plugins/com.st.stm32cube.ide.mcu.externaltools.gnu-tools-for-stm32.11.3.rel1.win32_1.1.100.202309141235/tools/bin/../lib/gcc/arm-none-eabi/11.3.1/thumb/v7e-m/nofp/crtbegin.o
 *(.bss*)
 .bss.buf.1     0x0000000020000090        0x9 ./Src/017rtc_ldc.o
 *fill*         0x0000000020000099        0x3 
 .bss.buf.0     0x000000002000009c        0x9 ./Src/017rtc_ldc.o
 *fill*         0x00000000200000a5        0x3 
 .bss.__sbrk_heap_end
                0x00000000200000a8        0x4 ./Src/sysmem.o
 .bss.g_ds3231I2CHandle
                0x00000000200000ac       0x28 ./bsp/ds3231.o
                0x00000000200000ac                g_ds3231I2CHandle
 .bss.__sf      0x00000000200000d4      0x138 C:/ST/STM32CubeIDE_1.14.1/STM32CubeIDE/plugins/com.st.stm32cube.ide.mcu.externaltools.gnu-tools-for-stm32.11.3.rel1.win32_1.1.100.202309141235/tools/bin/../lib/gcc/arm-none-eabi/11.3.1/../../../../arm-none-eabi/lib/thumb/v7e-m/nofp\libc_nano.a(libc_a-findfp.o)
                0x00000000200000d4                __sf
 .bss.__stdio_exit_handler
                0x000000002000020c        0x4 C:/ST/STM32CubeIDE_1.14.1/STM32CubeIDE/plugins/com.st.stm32cube.ide.mcu.externaltools.gnu-tools-for-stm32.11.3.rel1.win32_1.1.100.202309141235/tools/bin/../lib/gcc/arm-none-eabi/11.3.1/../../../../arm-none-eabi/lib/thumb/v7e-m/nofp\libc_nano.a(libc_a-findfp.o)
                0x000000002000020c                __stdio_exit_handler
 .bss.errno     0x0000000020000210        0x4 C:/ST/STM32CubeIDE_1.14.1/STM32CubeIDE/plugins/com.st.stm32cube.ide.mcu.externaltools.gnu-tools-for-stm32.11.3.rel1.win32_1.1.100.202309141235/tools/bin/../lib/gcc/arm-none-eabi/11.3.1/../../../../arm-none-eabi/lib/thumb/v7e-m/nofp\libc_nano.a(libc_a-reent.o)
                0x0000000020000210                errno
 .bss.__lock___malloc_recursive_mutex
                0x0000000020000214        0x1 C:/ST/STM32CubeIDE_1.14.1/STM32CubeIDE/plugins/com.st.stm32cube.ide.mcu.externaltools.gnu-tools-for-stm32.11.3.rel1.win32_1.1.100.202309141235/tools/bin/../lib/gcc/arm-none-eabi/11.3.1/../../../../arm-none-eabi/lib/thumb/v7e-m/nofp\libc_nano.a(libc_a-lock.o)
                0x0000000020000214                __lock___malloc_recursive_mutex
 .bss.__lock___sfp_recursive_mutex
                0x0000000020000215        0x1 C:/ST/STM32CubeIDE_1.14.1/STM32CubeIDE/plugins/com.st.stm32cube.ide.mcu.externaltools.gnu-tools-for-stm32.11.3.rel1.win32_1.1.100.202309141235/tools/bin/../lib/gcc/arm-none-eabi/11.3.1/../../../../arm-none-eabi/lib/thumb/v7e-m/nofp\libc_nano.a(libc_a-lock.o)
                0x0000000020000215                __lock___sfp_recursive_mutex
 *fill*         0x0000000020000216        0x2 
 .bss.__malloc_free_list
                0x0000000020000218        0x4 C:/ST/STM32CubeIDE_1.14.1/STM32CubeIDE/plugins/com.st.stm32cube.ide.mcu.externaltools.gnu-tools-for-stm32.11.3.rel1.win32_1.1.100.202309141235/tools/bin/../lib/gcc/arm-none-eabi/11.3.1/../../../../arm-none-eabi/lib/thumb/v7e-m/nofp\libc_nano.a(libc_a-mallocr.o)
                0x0000000020000218                __malloc_free_list
 .bss.__malloc_sbrk_start
                0x000000002000021c        0x4 C:/ST/STM32CubeIDE_1.14.1/STM32CubeIDE/plugins/com.st.stm32cube.ide.mcu.externaltools.gnu-tools-for-stm32.11.3.rel1.win32_1.1.100.202309141235/tools/bin/../lib/gcc/arm-none-eabi/11.3.1/../../../../arm-none-eabi/lib/thumb/v7e-m/nofp\libc_nano.a(libc_a-mallocr.o)
                0x000000002000021c                __malloc_sbrk_start
 *(COMMON)
                0x0000000020000220                . = ALIGN (0x4)
                0x0000000020000220                _ebss = .
                0x0000000020000220                __bss_end__ = _ebss

._user_heap_stack
                0x0000000020000220      0x600 load address 0x0000000008002b04
                0x0000000020000220                . = ALIGN (0x8)
                [!provide]                        PROVIDE (end = .)
                0x0000000020000220                PROVIDE (_end = .)
                0x0000000020000420                . = (. + _Min_Heap_Size)
 *fill*         0x0000000020000220      0x200 
                0x0000000020000820                . = (. + _Min_Stack_Size)
 *fill*         0x0000000020000420      0x400 
                0x0000000020000820                . = ALIGN (0x8)

/DISCARD/
 libc.a(*)
 libm.a(*)
 libgcc.a(*)

.ARM.attributes
                0x0000000000000000       0x2a
 *(.ARM.attributes)
 .ARM.attributes
                0x0000000000000000       0x1e C:/ST/STM32CubeIDE_1.14.1/STM32CubeIDE/plugins/com.st.stm32cube.ide.mcu.externaltools.gnu-tools-for-stm32.11.3.rel1.win32_1.1.100.202309141235/tools/bin/../lib/gcc/arm-none-eabi/11.3.1/thumb/v7e-m/nofp/crti.o
 .ARM.attributes
                0x000000000000001e       0x2e C:/ST/STM32CubeIDE_1.14.1/STM32CubeIDE/plugins/com.st.stm32cube.ide.mcu.externaltools.gnu-tools-for-stm32.11.3.rel1.win32_1.1.100.202309141235/tools/bin/../lib/gcc/arm-none-eabi/11.3.1/thumb/v7e-m/nofp/crtbegin.o
 .ARM.attributes
                0x000000000000004c       0x2e ./Src/017rtc_ldc.o
 .ARM.attributes
                0x000000000000007a       0x2e ./Src/syscalls.o
 .ARM.attributes
                0x00000000000000a8       0x2e ./Src/sysmem.o
 .ARM.attributes
                0x00000000000000d6       0x21 ./Startup/startup_stm32l475vgtx.o
 .ARM.attributes
                0x00000000000000f7       0x2e ./bsp/ds3231.o
 .ARM.attributes
                0x0000000000000125       0x2e ./bsp/lcdx.o
 .ARM.attributes
                0x0000000000000153       0x2e ./drivers/Src/stm32l475xx_gpio_driver.o
 .ARM.attributes
                0x0000000000000181       0x2e ./drivers/Src/stm32l475xx_i2c_driver.o
 .ARM.attributes
                0x00000000000001af       0x2e ./drivers/Src/stm32l475xx_rcc_driver.o
 .ARM.attributes
                0x00000000000001dd       0x2e C:/ST/STM32CubeIDE_1.14.1/STM32CubeIDE/plugins/com.st.stm32cube.ide.mcu.externaltools.gnu-tools-for-stm32.11.3.rel1.win32_1.1.100.202309141235/tools/bin/../lib/gcc/arm-none-eabi/11.3.1/../../../../arm-none-eabi/lib/thumb/v7e-m/nofp\libc_nano.a(libc_a-findfp.o)
 .ARM.attributes
                0x000000000000020b       0x2e C:/ST/STM32CubeIDE_1.14.1/STM32CubeIDE/plugins/com.st.stm32cube.ide.mcu.externaltools.gnu-tools-for-stm32.11.3.rel1.win32_1.1.100.202309141235/tools/bin/../lib/gcc/arm-none-eabi/11.3.1/../../../../arm-none-eabi/lib/thumb/v7e-m/nofp\libc_nano.a(libc_a-fwalk.o)
 .ARM.attributes
                0x0000000000000239       0x2e C:/ST/STM32CubeIDE_1.14.1/STM32CubeIDE/plugins/com.st.stm32cube.ide.mcu.externaltools.gnu-tools-for-stm32.11.3.rel1.win32_1.1.100.202309141235/tools/bin/../lib/gcc/arm-none-eabi/11.3.1/../../../../arm-none-eabi/lib/thumb/v7e-m/nofp\libc_nano.a(libc_a-printf.o)
 .ARM.attributes
                0x0000000000000267       0x2e C:/ST/STM32CubeIDE_1.14.1/STM32CubeIDE/plugins/com.st.stm32cube.ide.mcu.externaltools.gnu-tools-for-stm32.11.3.rel1.win32_1.1.100.202309141235/tools/bin/../lib/gcc/arm-none-eabi/11.3.1/../../../../arm-none-eabi/lib/thumb/v7e-m/nofp\libc_nano.a(libc_a-stdio.o)
 .ARM.attributes
                0x0000000000000295       0x2e C:/ST/STM32CubeIDE_1.14.1/STM32CubeIDE/plugins/com.st.stm32cube.ide.mcu.externaltools.gnu-tools-for-stm32.11.3.rel1.win32_1.1.100.202309141235/tools/bin/../lib/gcc/arm-none-eabi/11.3.1/../../../../arm-none-eabi/lib/thumb/v7e-m/nofp\libc_nano.a(libc_a-memset.o)
 .ARM.attributes
                0x00000000000002c3       0x2e C:/ST/STM32CubeIDE_1.14.1/STM32CubeIDE/plugins/com.st.stm32cube.ide.mcu.externaltools.gnu-tools-for-stm32.11.3.rel1.win32_1.1.100.202309141235/tools/bin/../lib/gcc/arm-none-eabi/11.3.1/../../../../arm-none-eabi/lib/thumb/v7e-m/nofp\libc_nano.a(libc_a-closer.o)
 .ARM.attributes
                0x00000000000002f1       0x2e C:/ST/STM32CubeIDE_1.14.1/STM32CubeIDE/plugins/com.st.stm32cube.ide.mcu.externaltools.gnu-tools-for-stm32.11.3.rel1.win32_1.1.100.202309141235/tools/bin/../lib/gcc/arm-none-eabi/11.3.1/../../../../arm-none-eabi/lib/thumb/v7e-m/nofp\libc_nano.a(libc_a-reent.o)
 .ARM.attributes
                0x000000000000031f       0x2e C:/ST/STM32CubeIDE_1.14.1/STM32CubeIDE/plugins/com.st.stm32cube.ide.mcu.externaltools.gnu-tools-for-stm32.11.3.rel1.win32_1.1.100.202309141235/tools/bin/../lib/gcc/arm-none-eabi/11.3.1/../../../../arm-none-eabi/lib/thumb/v7e-m/nofp\libc_nano.a(libc_a-impure.o)
 .ARM.attributes
                0x000000000000034d       0x2e C:/ST/STM32CubeIDE_1.14.1/STM32CubeIDE/plugins/com.st.stm32cube.ide.mcu.externaltools.gnu-tools-for-stm32.11.3.rel1.win32_1.1.100.202309141235/tools/bin/../lib/gcc/arm-none-eabi/11.3.1/../../../../arm-none-eabi/lib/thumb/v7e-m/nofp\libc_nano.a(libc_a-lseekr.o)
 .ARM.attributes
                0x000000000000037b       0x2e C:/ST/STM32CubeIDE_1.14.1/STM32CubeIDE/plugins/com.st.stm32cube.ide.mcu.externaltools.gnu-tools-for-stm32.11.3.rel1.win32_1.1.100.202309141235/tools/bin/../lib/gcc/arm-none-eabi/11.3.1/../../../../arm-none-eabi/lib/thumb/v7e-m/nofp\libc_nano.a(libc_a-readr.o)
 .ARM.attributes
                0x00000000000003a9       0x2e C:/ST/STM32CubeIDE_1.14.1/STM32CubeIDE/plugins/com.st.stm32cube.ide.mcu.externaltools.gnu-tools-for-stm32.11.3.rel1.win32_1.1.100.202309141235/tools/bin/../lib/gcc/arm-none-eabi/11.3.1/../../../../arm-none-eabi/lib/thumb/v7e-m/nofp\libc_nano.a(libc_a-writer.o)
 .ARM.attributes
                0x00000000000003d7       0x2e C:/ST/STM32CubeIDE_1.14.1/STM32CubeIDE/plugins/com.st.stm32cube.ide.mcu.externaltools.gnu-tools-for-stm32.11.3.rel1.win32_1.1.100.202309141235/tools/bin/../lib/gcc/arm-none-eabi/11.3.1/../../../../arm-none-eabi/lib/thumb/v7e-m/nofp\libc_nano.a(libc_a-errno.o)
 .ARM.attributes
                0x0000000000000405       0x2e C:/ST/STM32CubeIDE_1.14.1/STM32CubeIDE/plugins/com.st.stm32cube.ide.mcu.externaltools.gnu-tools-for-stm32.11.3.rel1.win32_1.1.100.202309141235/tools/bin/../lib/gcc/arm-none-eabi/11.3.1/../../../../arm-none-eabi/lib/thumb/v7e-m/nofp\libc_nano.a(libc_a-init.o)
 .ARM.attributes
                0x0000000000000433       0x2e C:/ST/STM32CubeIDE_1.14.1/STM32CubeIDE/plugins/com.st.stm32cube.ide.mcu.externaltools.gnu-tools-for-stm32.11.3.rel1.win32_1.1.100.202309141235/tools/bin/../lib/gcc/arm-none-eabi/11.3.1/../../../../arm-none-eabi/lib/thumb/v7e-m/nofp\libc_nano.a(libc_a-lock.o)
 .ARM.attributes
                0x0000000000000461       0x2e C:/ST/STM32CubeIDE_1.14.1/STM32CubeIDE/plugins/com.st.stm32cube.ide.mcu.externaltools.gnu-tools-for-stm32.11.3.rel1.win32_1.1.100.202309141235/tools/bin/../lib/gcc/arm-none-eabi/11.3.1/../../../../arm-none-eabi/lib/thumb/v7e-m/nofp\libc_nano.a(libc_a-freer.o)
 .ARM.attributes
                0x000000000000048f       0x2e C:/ST/STM32CubeIDE_1.14.1/STM32CubeIDE/plugins/com.st.stm32cube.ide.mcu.externaltools.gnu-tools-for-stm32.11.3.rel1.win32_1.1.100.202309141235/tools/bin/../lib/gcc/arm-none-eabi/11.3.1/../../../../arm-none-eabi/lib/thumb/v7e-m/nofp\libc_nano.a(libc_a-mallocr.o)
 .ARM.attributes
                0x00000000000004bd       0x2e C:/ST/STM32CubeIDE_1.14.1/STM32CubeIDE/plugins/com.st.stm32cube.ide.mcu.externaltools.gnu-tools-for-stm32.11.3.rel1.win32_1.1.100.202309141235/tools/bin/../lib/gcc/arm-none-eabi/11.3.1/../../../../arm-none-eabi/lib/thumb/v7e-m/nofp\libc_nano.a(libc_a-mlock.o)
 .ARM.attributes
                0x00000000000004eb       0x2e C:/ST/STM32CubeIDE_1.14.1/STM32CubeIDE/plugins/com.st.stm32cube.ide.mcu.externaltools.gnu-tools-for-stm32.11.3.rel1.win32_1.1.100.202309141235/tools/bin/../lib/gcc/arm-none-eabi/11.3.1/../../../../arm-none-eabi/lib/thumb/v7e-m/nofp\libc_nano.a(libc_a-nano-vfprintf.o)
 .ARM.attributes
                0x0000000000000519       0x2e C:/ST/STM32CubeIDE_1.14.1/STM32CubeIDE/plugins/com.st.stm32cube.ide.mcu.externaltools.gnu-tools-for-stm32.11.3.rel1.win32_1.1.100.202309141235/tools/bin/../lib/gcc/arm-none-eabi/11.3.1/../../../../arm-none-eabi/lib/thumb/v7e-m/nofp\libc_nano.a(libc_a-nano-vfprintf_i.o)
 .ARM.attributes
                0x0000000000000547       0x2e C:/ST/STM32CubeIDE_1.14.1/STM32CubeIDE/plugins/com.st.stm32cube.ide.mcu.externaltools.gnu-tools-for-stm32.11.3.rel1.win32_1.1.100.202309141235/tools/bin/../lib/gcc/arm-none-eabi/11.3.1/../../../../arm-none-eabi/lib/thumb/v7e-m/nofp\libc_nano.a(libc_a-fflush.o)
 .ARM.attributes
                0x0000000000000575       0x2e C:/ST/STM32CubeIDE_1.14.1/STM32CubeIDE/plugins/com.st.stm32cube.ide.mcu.externaltools.gnu-tools-for-stm32.11.3.rel1.win32_1.1.100.202309141235/tools/bin/../lib/gcc/arm-none-eabi/11.3.1/../../../../arm-none-eabi/lib/thumb/v7e-m/nofp\libc_nano.a(libc_a-wbuf.o)
 .ARM.attributes
                0x00000000000005a3       0x2e C:/ST/STM32CubeIDE_1.14.1/STM32CubeIDE/plugins/com.st.stm32cube.ide.mcu.externaltools.gnu-tools-for-stm32.11.3.rel1.win32_1.1.100.202309141235/tools/bin/../lib/gcc/arm-none-eabi/11.3.1/../../../../arm-none-eabi/lib/thumb/v7e-m/nofp\libc_nano.a(libc_a-wsetup.o)
 .ARM.attributes
                0x00000000000005d1       0x2e C:/ST/STM32CubeIDE_1.14.1/STM32CubeIDE/plugins/com.st.stm32cube.ide.mcu.externaltools.gnu-tools-for-stm32.11.3.rel1.win32_1.1.100.202309141235/tools/bin/../lib/gcc/arm-none-eabi/11.3.1/../../../../arm-none-eabi/lib/thumb/v7e-m/nofp\libc_nano.a(libc_a-sbrkr.o)
 .ARM.attributes
                0x00000000000005ff       0x1c C:/ST/STM32CubeIDE_1.14.1/STM32CubeIDE/plugins/com.st.stm32cube.ide.mcu.externaltools.gnu-tools-for-stm32.11.3.rel1.win32_1.1.100.202309141235/tools/bin/../lib/gcc/arm-none-eabi/11.3.1/../../../../arm-none-eabi/lib/thumb/v7e-m/nofp\libc_nano.a(libc_a-memchr.o)
 .ARM.attributes
                0x000000000000061b       0x2e C:/ST/STM32CubeIDE_1.14.1/STM32CubeIDE/plugins/com.st.stm32cube.ide.mcu.externaltools.gnu-tools-for-stm32.11.3.rel1.win32_1.1.100.202309141235/tools/bin/../lib/gcc/arm-none-eabi/11.3.1/../../../../arm-none-eabi/lib/thumb/v7e-m/nofp\libc_nano.a(libc_a-makebuf.o)
 .ARM.attributes
                0x0000000000000649       0x2e C:/ST/STM32CubeIDE_1.14.1/STM32CubeIDE/plugins/com.st.stm32cube.ide.mcu.externaltools.gnu-tools-for-stm32.11.3.rel1.win32_1.1.100.202309141235/tools/bin/../lib/gcc/arm-none-eabi/11.3.1/../../../../arm-none-eabi/lib/thumb/v7e-m/nofp\libc_nano.a(libc_a-fstatr.o)
 .ARM.attributes
                0x0000000000000677       0x2e C:/ST/STM32CubeIDE_1.14.1/STM32CubeIDE/plugins/com.st.stm32cube.ide.mcu.externaltools.gnu-tools-for-stm32.11.3.rel1.win32_1.1.100.202309141235/tools/bin/../lib/gcc/arm-none-eabi/11.3.1/../../../../arm-none-eabi/lib/thumb/v7e-m/nofp\libc_nano.a(libc_a-isattyr.o)
 .ARM.attributes
                0x00000000000006a5       0x1e C:/ST/STM32CubeIDE_1.14.1/STM32CubeIDE/plugins/com.st.stm32cube.ide.mcu.externaltools.gnu-tools-for-stm32.11.3.rel1.win32_1.1.100.202309141235/tools/bin/../lib/gcc/arm-none-eabi/11.3.1/thumb/v7e-m/nofp/crtn.o
OUTPUT(stm32l4xx_drivers.elf elf32-littlearm)
LOAD linker stubs
LOAD C:/ST/STM32CubeIDE_1.14.1/STM32CubeIDE/plugins/com.st.stm32cube.ide.mcu.externaltools.gnu-tools-for-stm32.11.3.rel1.win32_1.1.100.202309141235/tools/bin/../lib/gcc/arm-none-eabi/11.3.1/../../../../arm-none-eabi/lib/thumb/v7e-m/nofp\libc.a
LOAD C:/ST/STM32CubeIDE_1.14.1/STM32CubeIDE/plugins/com.st.stm32cube.ide.mcu.externaltools.gnu-tools-for-stm32.11.3.rel1.win32_1.1.100.202309141235/tools/bin/../lib/gcc/arm-none-eabi/11.3.1/../../../../arm-none-eabi/lib/thumb/v7e-m/nofp\libm.a
LOAD C:/ST/STM32CubeIDE_1.14.1/STM32CubeIDE/plugins/com.st.stm32cube.ide.mcu.externaltools.gnu-tools-for-stm32.11.3.rel1.win32_1.1.100.202309141235/tools/bin/../lib/gcc/arm-none-eabi/11.3.1/thumb/v7e-m/nofp\libgcc.a

.comment        0x0000000000000000       0x43
 .comment       0x0000000000000000       0x43 C:/ST/STM32CubeIDE_1.14.1/STM32CubeIDE/plugins/com.st.stm32cube.ide.mcu.externaltools.gnu-tools-for-stm32.11.3.rel1.win32_1.1.100.202309141235/tools/bin/../lib/gcc/arm-none-eabi/11.3.1/thumb/v7e-m/nofp/crtbegin.o
                                         0x44 (size before relaxing)
 .comment       0x0000000000000043       0x44 ./Src/017rtc_ldc.o
 .comment       0x0000000000000043       0x44 ./Src/syscalls.o
 .comment       0x0000000000000043       0x44 ./Src/sysmem.o
 .comment       0x0000000000000043       0x44 ./bsp/ds3231.o
 .comment       0x0000000000000043       0x44 ./bsp/lcdx.o
 .comment       0x0000000000000043       0x44 ./drivers/Src/stm32l475xx_gpio_driver.o
 .comment       0x0000000000000043       0x44 ./drivers/Src/stm32l475xx_i2c_driver.o
 .comment       0x0000000000000043       0x44 ./drivers/Src/stm32l475xx_rcc_driver.o

.debug_info     0x0000000000000000     0x34e0
 .debug_info    0x0000000000000000      0x9ad ./Src/017rtc_ldc.o
 .debug_info    0x00000000000009ad      0x6b0 ./Src/syscalls.o
 .debug_info    0x000000000000105d      0x168 ./Src/sysmem.o
 .debug_info    0x00000000000011c5       0x23 ./Startup/startup_stm32l475vgtx.o
 .debug_info    0x00000000000011e8      0x7a3 ./bsp/ds3231.o
 .debug_info    0x000000000000198b      0x2ed ./bsp/lcdx.o
 .debug_info    0x0000000000001c78      0x798 ./drivers/Src/stm32l475xx_gpio_driver.o
 .debug_info    0x0000000000002410      0xd00 ./drivers/Src/stm32l475xx_i2c_driver.o
 .debug_info    0x0000000000003110      0x3d0 ./drivers/Src/stm32l475xx_rcc_driver.o

.debug_abbrev   0x0000000000000000      0xcd2
 .debug_abbrev  0x0000000000000000      0x250 ./Src/017rtc_ldc.o
 .debug_abbrev  0x0000000000000250      0x1b6 ./Src/syscalls.o
 .debug_abbrev  0x0000000000000406       0xbc ./Src/sysmem.o
 .debug_abbrev  0x00000000000004c2       0x12 ./Startup/startup_stm32l475vgtx.o
 .debug_abbrev  0x00000000000004d4      0x1e8 ./bsp/ds3231.o
 .debug_abbrev  0x00000000000006bc      0x18b ./bsp/lcdx.o
 .debug_abbrev  0x0000000000000847      0x170 ./drivers/Src/stm32l475xx_gpio_driver.o
 .debug_abbrev  0x00000000000009b7      0x235 ./drivers/Src/stm32l475xx_i2c_driver.o
 .debug_abbrev  0x0000000000000bec       0xe6 ./drivers/Src/stm32l475xx_rcc_driver.o

.debug_aranges  0x0000000000000000      0x3f0
 .debug_aranges
                0x0000000000000000       0x70 ./Src/017rtc_ldc.o
 .debug_aranges
                0x0000000000000070       0xa8 ./Src/syscalls.o
 .debug_aranges
                0x0000000000000118       0x20 ./Src/sysmem.o
 .debug_aranges
                0x0000000000000138       0x28 ./Startup/startup_stm32l475vgtx.o
 .debug_aranges
                0x0000000000000160       0x78 ./bsp/ds3231.o
 .debug_aranges
                0x00000000000001d8       0x70 ./bsp/lcdx.o
 .debug_aranges
                0x0000000000000248       0x70 ./drivers/Src/stm32l475xx_gpio_driver.o
 .debug_aranges
                0x00000000000002b8      0x110 ./drivers/Src/stm32l475xx_i2c_driver.o
 .debug_aranges
                0x00000000000003c8       0x28 ./drivers/Src/stm32l475xx_rcc_driver.o

.debug_rnglists
                0x0000000000000000      0x2de
 .debug_rnglists
                0x0000000000000000       0x50 ./Src/017rtc_ldc.o
 .debug_rnglists
                0x0000000000000050       0x79 ./Src/syscalls.o
 .debug_rnglists
                0x00000000000000c9       0x13 ./Src/sysmem.o
 .debug_rnglists
                0x00000000000000dc       0x19 ./Startup/startup_stm32l475vgtx.o
 .debug_rnglists
                0x00000000000000f5       0x58 ./bsp/ds3231.o
 .debug_rnglists
                0x000000000000014d       0x50 ./bsp/lcdx.o
 .debug_rnglists
                0x000000000000019d       0x53 ./drivers/Src/stm32l475xx_gpio_driver.o
 .debug_rnglists
                0x00000000000001f0       0xd3 ./drivers/Src/stm32l475xx_i2c_driver.o
 .debug_rnglists
                0x00000000000002c3       0x1b ./drivers/Src/stm32l475xx_rcc_driver.o

.debug_macro    0x0000000000000000     0x4703
 .debug_macro   0x0000000000000000      0x1d9 ./Src/017rtc_ldc.o
 .debug_macro   0x00000000000001d9      0xaa8 ./Src/017rtc_ldc.o
 .debug_macro   0x0000000000000c81       0x22 ./Src/017rtc_ldc.o
 .debug_macro   0x0000000000000ca3       0x5b ./Src/017rtc_ldc.o
 .debug_macro   0x0000000000000cfe       0x24 ./Src/017rtc_ldc.o
 .debug_macro   0x0000000000000d22       0x94 ./Src/017rtc_ldc.o
 .debug_macro   0x0000000000000db6       0x43 ./Src/017rtc_ldc.o
 .debug_macro   0x0000000000000df9       0x34 ./Src/017rtc_ldc.o
 .debug_macro   0x0000000000000e2d       0x16 ./Src/017rtc_ldc.o
 .debug_macro   0x0000000000000e43       0x57 ./Src/017rtc_ldc.o
 .debug_macro   0x0000000000000e9a       0x97 ./Src/017rtc_ldc.o
 .debug_macro   0x0000000000000f31      0x369 ./Src/017rtc_ldc.o
 .debug_macro   0x000000000000129a       0xfd ./Src/017rtc_ldc.o
 .debug_macro   0x0000000000001397       0x10 ./Src/017rtc_ldc.o
 .debug_macro   0x00000000000013a7       0x16 ./Src/017rtc_ldc.o
 .debug_macro   0x00000000000013bd       0x43 ./Src/017rtc_ldc.o
 .debug_macro   0x0000000000001400       0x34 ./Src/017rtc_ldc.o
 .debug_macro   0x0000000000001434       0x10 ./Src/017rtc_ldc.o
 .debug_macro   0x0000000000001444       0x58 ./Src/017rtc_ldc.o
 .debug_macro   0x000000000000149c       0x8e ./Src/017rtc_ldc.o
 .debug_macro   0x000000000000152a       0x1c ./Src/017rtc_ldc.o
 .debug_macro   0x0000000000001546      0x177 ./Src/017rtc_ldc.o
 .debug_macro   0x00000000000016bd       0x16 ./Src/017rtc_ldc.o
 .debug_macro   0x00000000000016d3       0x16 ./Src/017rtc_ldc.o
 .debug_macro   0x00000000000016e9      0x147 ./Src/017rtc_ldc.o
 .debug_macro   0x0000000000001830      0x103 ./Src/017rtc_ldc.o
 .debug_macro   0x0000000000001933       0x6a ./Src/017rtc_ldc.o
 .debug_macro   0x000000000000199d      0x1df ./Src/017rtc_ldc.o
 .debug_macro   0x0000000000001b7c       0x16 ./Src/017rtc_ldc.o
 .debug_macro   0x0000000000001b92       0x35 ./Src/017rtc_ldc.o
 .debug_macro   0x0000000000001bc7       0x20 ./Src/017rtc_ldc.o
 .debug_macro   0x0000000000001be7      0xa7b ./Src/017rtc_ldc.o
 .debug_macro   0x0000000000002662       0xc4 ./Src/017rtc_ldc.o
 .debug_macro   0x0000000000002726       0xc4 ./Src/017rtc_ldc.o
 .debug_macro   0x00000000000027ea       0xf5 ./Src/017rtc_ldc.o
 .debug_macro   0x00000000000028df      0x13c ./Src/017rtc_ldc.o
 .debug_macro   0x0000000000002a1b      0x12a ./Src/017rtc_ldc.o
 .debug_macro   0x0000000000002b45       0x5e ./Src/017rtc_ldc.o
 .debug_macro   0x0000000000002ba3      0x274 ./Src/syscalls.o
 .debug_macro   0x0000000000002e17      0x174 ./Src/syscalls.o
 .debug_macro   0x0000000000002f8b       0x10 ./Src/syscalls.o
 .debug_macro   0x0000000000002f9b       0x10 ./Src/syscalls.o
 .debug_macro   0x0000000000002fab       0x10 ./Src/syscalls.o
 .debug_macro   0x0000000000002fbb       0x10 ./Src/syscalls.o
 .debug_macro   0x0000000000002fcb       0x1c ./Src/syscalls.o
 .debug_macro   0x0000000000002fe7       0x52 ./Src/syscalls.o
 .debug_macro   0x0000000000003039       0x22 ./Src/syscalls.o
 .debug_macro   0x000000000000305b       0x10 ./Src/syscalls.o
 .debug_macro   0x000000000000306b       0x52 ./Src/syscalls.o
 .debug_macro   0x00000000000030bd       0xcf ./Src/syscalls.o
 .debug_macro   0x000000000000318c       0x1c ./Src/syscalls.o
 .debug_macro   0x00000000000031a8       0x3d ./Src/syscalls.o
 .debug_macro   0x00000000000031e5       0x35 ./Src/syscalls.o
 .debug_macro   0x000000000000321a      0x12c ./Src/syscalls.o
 .debug_macro   0x0000000000003346       0x16 ./Src/syscalls.o
 .debug_macro   0x000000000000335c       0x16 ./Src/syscalls.o
 .debug_macro   0x0000000000003372       0x29 ./Src/syscalls.o
 .debug_macro   0x000000000000339b       0x10 ./Src/syscalls.o
 .debug_macro   0x00000000000033ab      0x242 ./Src/syscalls.o
 .debug_macro   0x00000000000035ed       0x1c ./Src/syscalls.o
 .debug_macro   0x0000000000003609       0x10 ./Src/syscalls.o
 .debug_macro   0x0000000000003619      0x18a ./Src/syscalls.o
 .debug_macro   0x00000000000037a3       0x16 ./Src/syscalls.o
 .debug_macro   0x00000000000037b9       0xce ./Src/syscalls.o
 .debug_macro   0x0000000000003887       0xff ./Src/sysmem.o
 .debug_macro   0x0000000000003986      0x23c ./Src/sysmem.o
 .debug_macro   0x0000000000003bc2      0x195 ./bsp/ds3231.o
 .debug_macro   0x0000000000003d57       0x8e ./bsp/ds3231.o
 .debug_macro   0x0000000000003de5       0x51 ./bsp/ds3231.o
 .debug_macro   0x0000000000003e36       0x61 ./bsp/ds3231.o
 .debug_macro   0x0000000000003e97       0x10 ./bsp/ds3231.o
 .debug_macro   0x0000000000003ea7      0x195 ./bsp/lcdx.o
 .debug_macro   0x000000000000403c       0x58 ./bsp/lcdx.o
 .debug_macro   0x0000000000004094      0x190 ./drivers/Src/stm32l475xx_gpio_driver.o
 .debug_macro   0x0000000000004224       0xbe ./drivers/Src/stm32l475xx_gpio_driver.o
 .debug_macro   0x00000000000042e2      0x1a8 ./drivers/Src/stm32l475xx_i2c_driver.o
 .debug_macro   0x000000000000448a       0xef ./drivers/Src/stm32l475xx_i2c_driver.o
 .debug_macro   0x0000000000004579      0x18a ./drivers/Src/stm32l475xx_rcc_driver.o

.debug_line     0x0000000000000000     0x4cc8
 .debug_line    0x0000000000000000      0x937 ./Src/017rtc_ldc.o
 .debug_line    0x0000000000000937      0x8ad ./Src/syscalls.o
 .debug_line    0x00000000000011e4      0x57e ./Src/sysmem.o
 .debug_line    0x0000000000001762       0x7b ./Startup/startup_stm32l475vgtx.o
 .debug_line    0x00000000000017dd      0x8ba ./bsp/ds3231.o
 .debug_line    0x0000000000002097      0x83e ./bsp/lcdx.o
 .debug_line    0x00000000000028d5      0xbe7 ./drivers/Src/stm32l475xx_gpio_driver.o
 .debug_line    0x00000000000034bc     0x10bc ./drivers/Src/stm32l475xx_i2c_driver.o
 .debug_line    0x0000000000004578      0x750 ./drivers/Src/stm32l475xx_rcc_driver.o

.debug_str      0x0000000000000000     0xe440
 .debug_str     0x0000000000000000     0xba8e ./Src/017rtc_ldc.o
                                       0xbcca (size before relaxing)
 .debug_str     0x000000000000ba8e     0x20d6 ./Src/syscalls.o
                                       0x987f (size before relaxing)
 .debug_str     0x000000000000db64       0x66 ./Src/sysmem.o
                                       0x602c (size before relaxing)
 .debug_str     0x000000000000dbca       0x2f ./Startup/startup_stm32l475vgtx.o
                                         0x7b (size before relaxing)
 .debug_str     0x000000000000dbf9       0xe5 ./bsp/ds3231.o
                                       0xb368 (size before relaxing)
 .debug_str     0x000000000000dcde       0x80 ./bsp/lcdx.o
                                       0xae51 (size before relaxing)
 .debug_str     0x000000000000dd5e      0x188 ./drivers/Src/stm32l475xx_gpio_driver.o
                                       0xafca (size before relaxing)
 .debug_str     0x000000000000dee6      0x4c6 ./drivers/Src/stm32l475xx_i2c_driver.o
                                       0xb35a (size before relaxing)
 .debug_str     0x000000000000e3ac       0x94 ./drivers/Src/stm32l475xx_rcc_driver.o
                                       0xadc6 (size before relaxing)

.debug_frame    0x0000000000000000     0x1690
 .debug_frame   0x0000000000000000      0x1a4 ./Src/017rtc_ldc.o
 .debug_frame   0x00000000000001a4      0x2ac ./Src/syscalls.o
 .debug_frame   0x0000000000000450       0x34 ./Src/sysmem.o
 .debug_frame   0x0000000000000484      0x1bc ./bsp/ds3231.o
 .debug_frame   0x0000000000000640      0x184 ./bsp/lcdx.o
 .debug_frame   0x00000000000007c4      0x1c8 ./drivers/Src/stm32l475xx_gpio_driver.o
 .debug_frame   0x000000000000098c      0x4d0 ./drivers/Src/stm32l475xx_i2c_driver.o
 .debug_frame   0x0000000000000e5c       0x60 ./drivers/Src/stm32l475xx_rcc_driver.o
 .debug_frame   0x0000000000000ebc      0x144 C:/ST/STM32CubeIDE_1.14.1/STM32CubeIDE/plugins/com.st.stm32cube.ide.mcu.externaltools.gnu-tools-for-stm32.11.3.rel1.win32_1.1.100.202309141235/tools/bin/../lib/gcc/arm-none-eabi/11.3.1/../../../../arm-none-eabi/lib/thumb/v7e-m/nofp\libc_nano.a(libc_a-findfp.o)
 .debug_frame   0x0000000000001000       0x34 C:/ST/STM32CubeIDE_1.14.1/STM32CubeIDE/plugins/com.st.stm32cube.ide.mcu.externaltools.gnu-tools-for-stm32.11.3.rel1.win32_1.1.100.202309141235/tools/bin/../lib/gcc/arm-none-eabi/11.3.1/../../../../arm-none-eabi/lib/thumb/v7e-m/nofp\libc_nano.a(libc_a-fwalk.o)
 .debug_frame   0x0000000000001034       0x6c C:/ST/STM32CubeIDE_1.14.1/STM32CubeIDE/plugins/com.st.stm32cube.ide.mcu.externaltools.gnu-tools-for-stm32.11.3.rel1.win32_1.1.100.202309141235/tools/bin/../lib/gcc/arm-none-eabi/11.3.1/../../../../arm-none-eabi/lib/thumb/v7e-m/nofp\libc_nano.a(libc_a-printf.o)
 .debug_frame   0x00000000000010a0       0x88 C:/ST/STM32CubeIDE_1.14.1/STM32CubeIDE/plugins/com.st.stm32cube.ide.mcu.externaltools.gnu-tools-for-stm32.11.3.rel1.win32_1.1.100.202309141235/tools/bin/../lib/gcc/arm-none-eabi/11.3.1/../../../../arm-none-eabi/lib/thumb/v7e-m/nofp\libc_nano.a(libc_a-stdio.o)
 .debug_frame   0x0000000000001128       0x20 C:/ST/STM32CubeIDE_1.14.1/STM32CubeIDE/plugins/com.st.stm32cube.ide.mcu.externaltools.gnu-tools-for-stm32.11.3.rel1.win32_1.1.100.202309141235/tools/bin/../lib/gcc/arm-none-eabi/11.3.1/../../../../arm-none-eabi/lib/thumb/v7e-m/nofp\libc_nano.a(libc_a-memset.o)
 .debug_frame   0x0000000000001148       0x2c C:/ST/STM32CubeIDE_1.14.1/STM32CubeIDE/plugins/com.st.stm32cube.ide.mcu.externaltools.gnu-tools-for-stm32.11.3.rel1.win32_1.1.100.202309141235/tools/bin/../lib/gcc/arm-none-eabi/11.3.1/../../../../arm-none-eabi/lib/thumb/v7e-m/nofp\libc_nano.a(libc_a-closer.o)
 .debug_frame   0x0000000000001174       0x38 C:/ST/STM32CubeIDE_1.14.1/STM32CubeIDE/plugins/com.st.stm32cube.ide.mcu.externaltools.gnu-tools-for-stm32.11.3.rel1.win32_1.1.100.202309141235/tools/bin/../lib/gcc/arm-none-eabi/11.3.1/../../../../arm-none-eabi/lib/thumb/v7e-m/nofp\libc_nano.a(libc_a-reent.o)
 .debug_frame   0x00000000000011ac       0x2c C:/ST/STM32CubeIDE_1.14.1/STM32CubeIDE/plugins/com.st.stm32cube.ide.mcu.externaltools.gnu-tools-for-stm32.11.3.rel1.win32_1.1.100.202309141235/tools/bin/../lib/gcc/arm-none-eabi/11.3.1/../../../../arm-none-eabi/lib/thumb/v7e-m/nofp\libc_nano.a(libc_a-lseekr.o)
 .debug_frame   0x00000000000011d8       0x2c C:/ST/STM32CubeIDE_1.14.1/STM32CubeIDE/plugins/com.st.stm32cube.ide.mcu.externaltools.gnu-tools-for-stm32.11.3.rel1.win32_1.1.100.202309141235/tools/bin/../lib/gcc/arm-none-eabi/11.3.1/../../../../arm-none-eabi/lib/thumb/v7e-m/nofp\libc_nano.a(libc_a-readr.o)
 .debug_frame   0x0000000000001204       0x2c C:/ST/STM32CubeIDE_1.14.1/STM32CubeIDE/plugins/com.st.stm32cube.ide.mcu.externaltools.gnu-tools-for-stm32.11.3.rel1.win32_1.1.100.202309141235/tools/bin/../lib/gcc/arm-none-eabi/11.3.1/../../../../arm-none-eabi/lib/thumb/v7e-m/nofp\libc_nano.a(libc_a-writer.o)
 .debug_frame   0x0000000000001230       0x20 C:/ST/STM32CubeIDE_1.14.1/STM32CubeIDE/plugins/com.st.stm32cube.ide.mcu.externaltools.gnu-tools-for-stm32.11.3.rel1.win32_1.1.100.202309141235/tools/bin/../lib/gcc/arm-none-eabi/11.3.1/../../../../arm-none-eabi/lib/thumb/v7e-m/nofp\libc_nano.a(libc_a-errno.o)
 .debug_frame   0x0000000000001250       0x2c C:/ST/STM32CubeIDE_1.14.1/STM32CubeIDE/plugins/com.st.stm32cube.ide.mcu.externaltools.gnu-tools-for-stm32.11.3.rel1.win32_1.1.100.202309141235/tools/bin/../lib/gcc/arm-none-eabi/11.3.1/../../../../arm-none-eabi/lib/thumb/v7e-m/nofp\libc_nano.a(libc_a-init.o)
 .debug_frame   0x000000000000127c       0xb0 C:/ST/STM32CubeIDE_1.14.1/STM32CubeIDE/plugins/com.st.stm32cube.ide.mcu.externaltools.gnu-tools-for-stm32.11.3.rel1.win32_1.1.100.202309141235/tools/bin/../lib/gcc/arm-none-eabi/11.3.1/../../../../arm-none-eabi/lib/thumb/v7e-m/nofp\libc_nano.a(libc_a-lock.o)
 .debug_frame   0x000000000000132c       0x38 C:/ST/STM32CubeIDE_1.14.1/STM32CubeIDE/plugins/com.st.stm32cube.ide.mcu.externaltools.gnu-tools-for-stm32.11.3.rel1.win32_1.1.100.202309141235/tools/bin/../lib/gcc/arm-none-eabi/11.3.1/../../../../arm-none-eabi/lib/thumb/v7e-m/nofp\libc_nano.a(libc_a-freer.o)
 .debug_frame   0x0000000000001364       0x50 C:/ST/STM32CubeIDE_1.14.1/STM32CubeIDE/plugins/com.st.stm32cube.ide.mcu.externaltools.gnu-tools-for-stm32.11.3.rel1.win32_1.1.100.202309141235/tools/bin/../lib/gcc/arm-none-eabi/11.3.1/../../../../arm-none-eabi/lib/thumb/v7e-m/nofp\libc_nano.a(libc_a-mallocr.o)
 .debug_frame   0x00000000000013b4       0x30 C:/ST/STM32CubeIDE_1.14.1/STM32CubeIDE/plugins/com.st.stm32cube.ide.mcu.externaltools.gnu-tools-for-stm32.11.3.rel1.win32_1.1.100.202309141235/tools/bin/../lib/gcc/arm-none-eabi/11.3.1/../../../../arm-none-eabi/lib/thumb/v7e-m/nofp\libc_nano.a(libc_a-mlock.o)
 .debug_frame   0x00000000000013e4       0xa8 C:/ST/STM32CubeIDE_1.14.1/STM32CubeIDE/plugins/com.st.stm32cube.ide.mcu.externaltools.gnu-tools-for-stm32.11.3.rel1.win32_1.1.100.202309141235/tools/bin/../lib/gcc/arm-none-eabi/11.3.1/../../../../arm-none-eabi/lib/thumb/v7e-m/nofp\libc_nano.a(libc_a-nano-vfprintf.o)
 .debug_frame   0x000000000000148c       0x60 C:/ST/STM32CubeIDE_1.14.1/STM32CubeIDE/plugins/com.st.stm32cube.ide.mcu.externaltools.gnu-tools-for-stm32.11.3.rel1.win32_1.1.100.202309141235/tools/bin/../lib/gcc/arm-none-eabi/11.3.1/../../../../arm-none-eabi/lib/thumb/v7e-m/nofp\libc_nano.a(libc_a-nano-vfprintf_i.o)
 .debug_frame   0x00000000000014ec       0x5c C:/ST/STM32CubeIDE_1.14.1/STM32CubeIDE/plugins/com.st.stm32cube.ide.mcu.externaltools.gnu-tools-for-stm32.11.3.rel1.win32_1.1.100.202309141235/tools/bin/../lib/gcc/arm-none-eabi/11.3.1/../../../../arm-none-eabi/lib/thumb/v7e-m/nofp\libc_nano.a(libc_a-fflush.o)
 .debug_frame   0x0000000000001548       0x40 C:/ST/STM32CubeIDE_1.14.1/STM32CubeIDE/plugins/com.st.stm32cube.ide.mcu.externaltools.gnu-tools-for-stm32.11.3.rel1.win32_1.1.100.202309141235/tools/bin/../lib/gcc/arm-none-eabi/11.3.1/../../../../arm-none-eabi/lib/thumb/v7e-m/nofp\libc_nano.a(libc_a-wbuf.o)
 .debug_frame   0x0000000000001588       0x2c C:/ST/STM32CubeIDE_1.14.1/STM32CubeIDE/plugins/com.st.stm32cube.ide.mcu.externaltools.gnu-tools-for-stm32.11.3.rel1.win32_1.1.100.202309141235/tools/bin/../lib/gcc/arm-none-eabi/11.3.1/../../../../arm-none-eabi/lib/thumb/v7e-m/nofp\libc_nano.a(libc_a-wsetup.o)
 .debug_frame   0x00000000000015b4       0x2c C:/ST/STM32CubeIDE_1.14.1/STM32CubeIDE/plugins/com.st.stm32cube.ide.mcu.externaltools.gnu-tools-for-stm32.11.3.rel1.win32_1.1.100.202309141235/tools/bin/../lib/gcc/arm-none-eabi/11.3.1/../../../../arm-none-eabi/lib/thumb/v7e-m/nofp\libc_nano.a(libc_a-sbrkr.o)
 .debug_frame   0x00000000000015e0       0x58 C:/ST/STM32CubeIDE_1.14.1/STM32CubeIDE/plugins/com.st.stm32cube.ide.mcu.externaltools.gnu-tools-for-stm32.11.3.rel1.win32_1.1.100.202309141235/tools/bin/../lib/gcc/arm-none-eabi/11.3.1/../../../../arm-none-eabi/lib/thumb/v7e-m/nofp\libc_nano.a(libc_a-makebuf.o)
 .debug_frame   0x0000000000001638       0x2c C:/ST/STM32CubeIDE_1.14.1/STM32CubeIDE/plugins/com.st.stm32cube.ide.mcu.externaltools.gnu-tools-for-stm32.11.3.rel1.win32_1.1.100.202309141235/tools/bin/../lib/gcc/arm-none-eabi/11.3.1/../../../../arm-none-eabi/lib/thumb/v7e-m/nofp\libc_nano.a(libc_a-fstatr.o)
 .debug_frame   0x0000000000001664       0x2c C:/ST/STM32CubeIDE_1.14.1/STM32CubeIDE/plugins/com.st.stm32cube.ide.mcu.externaltools.gnu-tools-for-stm32.11.3.rel1.win32_1.1.100.202309141235/tools/bin/../lib/gcc/arm-none-eabi/11.3.1/../../../../arm-none-eabi/lib/thumb/v7e-m/nofp\libc_nano.a(libc_a-isattyr.o)

.debug_line_str
                0x0000000000000000       0x6f
 .debug_line_str
                0x0000000000000000       0x6f ./Startup/startup_stm32l475vgtx.o
                                         0x87 (size before relaxing)
