../bsp/ds3231.c:16:13:mdelay	24	static
../bsp/ds3231.c:22:9:ds3231_init	8	static
../bsp/ds3231.c:48:6:ds3231_set_current_time	24	static
../bsp/ds3231.c:67:6:ds3231_get_current_time	24	static
../bsp/ds3231.c:92:6:ds3231_set_current_date	16	static
../bsp/ds3231.c:100:6:ds3231_get_current_date	16	static
../bsp/ds3231.c:108:13:ds3231_i2c_pin_config	32	static
../bsp/ds3231.c:146:13:ds3231_i2c_config	8	static
../bsp/ds3231.c:154:13:ds3231_write	32	static
../bsp/ds3231.c:163:16:ds3231_read	32	static
../bsp/ds3231.c:184:16:binary_to_bcd	24	static
../bsp/ds3231.c:207:16:bcd_to_binary	24	static
