../Src/017rtc_ldc.c:47:6:RCC_config	4	static
../Src/017rtc_ldc.c:60:6:I2C1_Inits	8	static
../Src/017rtc_ldc.c:71:6:GPIO_LCDInit	48	static
../Src/017rtc_ldc.c:139:6:init_systick_timer	32	static
../Src/017rtc_ldc.c:162:8:get_day_of_week	56	static
../Src/017rtc_ldc.c:168:6:number_to_string	16	static
../Src/017rtc_ldc.c:181:7:time_to_string	16	static
../Src/017rtc_ldc.c:197:7:date_to_string	16	static
../Src/017rtc_ldc.c:211:13:mdelay	24	static
../Src/017rtc_ldc.c:216:5:main	16	static
../Src/017rtc_ldc.c:282:7:SysTick_Handler	32	static
